Component: ARM Compiler 5.06 update 6 (build 750) Tool: armlink [4d35ed]

==============================================================================

Section Cross References

    startup_stm32f072xb.o(STACK) refers (Special) to heapauxi.o(.text) for __use_two_region_memory
    startup_stm32f072xb.o(HEAP) refers (Special) to heapauxi.o(.text) for __use_two_region_memory
    startup_stm32f072xb.o(RESET) refers (Special) to heapauxi.o(.text) for __use_two_region_memory
    startup_stm32f072xb.o(RESET) refers to startup_stm32f072xb.o(STACK) for __initial_sp
    startup_stm32f072xb.o(RESET) refers to startup_stm32f072xb.o(.text) for Reset_Handler
    startup_stm32f072xb.o(RESET) refers to stm32f0xx_it.o(i.NMI_Handler) for NMI_Handler
    startup_stm32f072xb.o(RESET) refers to stm32f0xx_it.o(i.HardFault_Handler) for HardFault_Handler
    startup_stm32f072xb.o(RESET) refers to stm32f0xx_it.o(i.SVC_Handler) for SVC_Handler
    startup_stm32f072xb.o(RESET) refers to stm32f0xx_it.o(i.PendSV_Handler) for PendSV_Handler
    startup_stm32f072xb.o(RESET) refers to stm32f0xx_it.o(i.SysTick_Handler) for SysTick_Handler
    startup_stm32f072xb.o(RESET) refers to adc_bsp.o(i.DMA1_Channel1_IRQHandler) for DMA1_Channel1_IRQHandler
    startup_stm32f072xb.o(RESET) refers to usart_bsp.o(i.DMA1_Channel2_3_IRQHandler) for DMA1_Channel2_3_IRQHandler
    startup_stm32f072xb.o(RESET) refers to adc_bsp.o(i.ADC1_COMP_IRQHandler) for ADC1_COMP_IRQHandler
    startup_stm32f072xb.o(RESET) refers to usart_bsp.o(i.USART1_IRQHandler) for USART1_IRQHandler
    startup_stm32f072xb.o(.text) refers (Special) to heapauxi.o(.text) for __use_two_region_memory
    startup_stm32f072xb.o(.text) refers to system_stm32f0xx.o(i.SystemInit) for SystemInit
    startup_stm32f072xb.o(.text) refers to __main.o(!!!main) for __main
    startup_stm32f072xb.o(.text) refers to startup_stm32f072xb.o(HEAP) for Heap_Mem
    startup_stm32f072xb.o(.text) refers to startup_stm32f072xb.o(STACK) for Stack_Mem
    main.o(i.SystemClock_Config) refers to rt_memclr.o(.text) for __aeabi_memclr4
    main.o(i.SystemClock_Config) refers to stm32f0xx_hal_rcc.o(i.HAL_RCC_OscConfig) for HAL_RCC_OscConfig
    main.o(i.SystemClock_Config) refers to main.o(i.Error_Handler) for Error_Handler
    main.o(i.SystemClock_Config) refers to stm32f0xx_hal_rcc.o(i.HAL_RCC_ClockConfig) for HAL_RCC_ClockConfig
    main.o(i.SystemClock_Config) refers to stm32f0xx_hal_rcc_ex.o(i.HAL_RCCEx_PeriphCLKConfig) for HAL_RCCEx_PeriphCLKConfig
    main.o(i.main) refers to rt_memcpy.o(.emb_text) for __aeabi_memcpy4
    main.o(i.main) refers to stm32f0xx_hal.o(i.HAL_GetTick) for HAL_GetTick
    main.o(i.main) refers to stm32f0xx_hal.o(i.HAL_Init) for HAL_Init
    main.o(i.main) refers to main.o(i.SystemClock_Config) for SystemClock_Config
    main.o(i.main) refers to in_memory_app.o(i.InMemory_SystemParam_Check) for InMemory_SystemParam_Check
    main.o(i.main) refers to picocap_app.o(i.DataFilterParam_Init) for DataFilterParam_Init
    main.o(i.main) refers to picocap_app.o(i.DataConvertParam_Init) for DataConvertParam_Init
    main.o(i.main) refers to picocap.o(i.PCap_Init) for PCap_Init
    main.o(i.main) refers to dac_bsp.o(i.BSP_DAC_Init) for BSP_DAC_Init
    main.o(i.main) refers to tim_bsp.o(i.TIM_DevObj_Init) for TIM_DevObj_Init
    main.o(i.main) refers to iwdg_bsp.o(i.BSP_IWDG_Init) for BSP_IWDG_Init
    main.o(i.main) refers to modbus.o(i.ModBus_Init) for ModBus_Init
    main.o(i.main) refers to iwdg_bsp.o(i.BSP_IWDG_Refresh) for BSP_IWDG_Refresh
    main.o(i.main) refers to usart_app.o(i.Sensor_USART_Get_RX_Updata_Flag) for Sensor_USART_Get_RX_Updata_Flag
    main.o(i.main) refers to modbus.o(i.ModbusHandle) for ModbusHandle
    main.o(i.main) refers to usart_app.o(i.Sensor_USART_Clear_RX_Updata_Flag) for Sensor_USART_Clear_RX_Updata_Flag
    main.o(i.main) refers to modbus_conf.o(i.ModbusAutoUpload) for ModbusAutoUpload
    main.o(i.main) refers to picocap_app.o(i.Sensor_PCap_GetResult) for Sensor_PCap_GetResult
    main.o(i.main) refers to picocap_app.o(i.Sensor_DataFilter) for Sensor_DataFilter
    main.o(i.main) refers to picocap_app.o(i.Sensor_PCap_DataConvert) for Sensor_PCap_DataConvert
    main.o(i.main) refers to picocap_app.o(i.Sensor_PCap_DA_Convert) for Sensor_PCap_DA_Convert
    main.o(i.main) refers to dac_bsp.o(i.BSP_Get_DAC) for BSP_Get_DAC
    main.o(i.main) refers to dac_bsp.o(i.BSP_DAC_Convert) for BSP_DAC_Convert
    main.o(i.main) refers to picocap_app.o(i.Sensor_PCap_PWM_Convert) for Sensor_PCap_PWM_Convert
    main.o(i.main) refers to dflti.o(.text) for __aeabi_ui2d
    main.o(i.main) refers to dscalbn.o(.text) for __ARM_scalbn
    main.o(i.main) refers to d2f.o(.text) for __aeabi_d2f
    main.o(i.main) refers to picocap_app.o(i.PCap_GetTemp) for PCap_GetTemp
    main.o(i.main) refers to f2d.o(.text) for __aeabi_f2d
    main.o(i.main) refers to daddsub.o(.text) for __aeabi_dadd
    main.o(i.main) refers to dmul.o(.text) for __aeabi_dmul
[...]
    i.__ARM_common_ll_muluu                  0x08009600   Section        0  stm32f0xx_hal_rcc.o(i.__ARM_common_ll_muluu)
    i.__ARM_common_switch8                   0x08009630   Section        0  usart_app.o(i.__ARM_common_switch8)
    i.__NVIC_SetPriority                     0x0800964c   Section        0  stm32f0xx_hal_cortex.o(i.__NVIC_SetPriority)
    __NVIC_SetPriority                       0x0800964d   Thumb Code    60  stm32f0xx_hal_cortex.o(i.__NVIC_SetPriority)
    i.main                                   0x08009690   Section        0  main.o(i.main)
    i.sqrt                                   0x08009884   Section        0  sqrt.o(i.sqrt)
    x$fpl$fadd                               0x080098cc   Section      140  faddsub.o(x$fpl$fadd)
    _fadd1                                   0x080098d9   Thumb Code     0  faddsub.o(x$fpl$fadd)
    x$fpl$fmul                               0x08009958   Section      176  fmul.o(x$fpl$fmul)
    x$fpl$frsb                               0x08009a08   Section       24  faddsub.o(x$fpl$frsb)
    x$fpl$fsub                               0x08009a20   Section      208  faddsub.o(x$fpl$fsub)
    _fsub1                                   0x08009a2d   Thumb Code     0  faddsub.o(x$fpl$fsub)
    .constdata                               0x08009af0   Section      112  in_memory_app.o(.constdata)
    x$fpl$usenofp                            0x08009af0   Section        0  usenofp.o(x$fpl$usenofp)
    .constdata                               0x08009b60   Section     1028  picocap.o(.constdata)
    .constdata                               0x08009f64   Section       67  modbus_conf.o(.constdata)
    .constdata                               0x08009fa7   Section       16  system_stm32f0xx.o(.constdata)
    .constdata                               0x08009fb7   Section        8  system_stm32f0xx.o(.constdata)
    .constdata                               0x08009fbf   Section      128  ddiv.o(.constdata)
    ddiv_reciptbl                            0x08009fbf   Data         128  ddiv.o(.constdata)
    .constdata                               0x0800a03f   Section       64  fdiv.o(.constdata)
    fdiv_tab                                 0x0800a03f   Data          64  fdiv.o(.constdata)
    .ARM.__AT_0x20000000                     0x20000000   Section      192  main.o(.ARM.__AT_0x20000000)
    .data                                    0x200000c0   Section        8  usart_app.o(.data)
    RX_OverRun_Flag                          0x200000c0   Data           1  usart_app.o(.data)
    TX_Cplt_Flag                             0x200000c1   Data           1  usart_app.o(.data)
    RX_Updata_Flag                           0x200000c2   Data           1  usart_app.o(.data)
    RX_CMatch_Flag                           0x200000c3   Data           1  usart_app.o(.data)
    RX_Len                                   0x200000c4   Data           2  usart_app.o(.data)
    Used_RX_Len                              0x200000c6   Data           2  usart_app.o(.data)
    .data                                    0x200000c8   Section        1  picocap_app.o(.data)
    DataResBuf_Count                         0x200000c8   Data           1  picocap_app.o(.data)
    .data                                    0x200000cc   Section       32  modbus_conf.o(.data)
    CapDA_ClibFlag                           0x200000cc   Data           1  modbus_conf.o(.data)
    CapPWM_ClibFlag                          0x200000cd   Data           1  modbus_conf.o(.data)
    CalibFlag                                0x200000ce   Data           1  modbus_conf.o(.data)
    Calib_DAMin                              0x200000d0   Data           2  modbus_conf.o(.data)
    Calib_DALow                              0x200000d2   Data           2  modbus_conf.o(.data)
    Calib_DAHigh                             0x200000d4   Data           2  modbus_conf.o(.data)
    Calib_DAMax                              0x200000d6   Data           2  modbus_conf.o(.data)
    Calib_PWM0                               0x200000d8   Data           2  modbus_conf.o(.data)
    Calib_PWM1                               0x200000da   Data           2  modbus_conf.o(.data)
    Calib_PWM2                               0x200000dc   Data           2  modbus_conf.o(.data)
    Calib_PWM3                               0x200000de   Data           2  modbus_conf.o(.data)
    Calib_PWM4                               0x200000e0   Data           2  modbus_conf.o(.data)
    Calib_PWM5                               0x200000e2   Data           2  modbus_conf.o(.data)
    Calib_CapMin                             0x200000e4   Data           4  modbus_conf.o(.data)
    Calib_CapMax                             0x200000e8   Data           4  modbus_conf.o(.data)
    .data                                    0x200000ec   Section       12  stm32f0xx_hal.o(.data)
    .data                                    0x200000f8   Section        4  system_stm32f0xx.o(.data)
    .bss                                     0x200000fc   Section      160  main.o(.bss)
    FilterParam                              0x200000fc   Data          16  main.o(.bss)
    DataConvert_Param                        0x2000010c   Data          72  main.o(.bss)
    DataConvert_Out                          0x20000154   Data          20  main.o(.bss)
    ModBusBaseParam                          0x20000168   Data          32  main.o(.bss)
    ModBus_Device                            0x20000188   Data          20  main.o(.bss)
    .bss                                     0x2000019c   Section      128  usart_app.o(.bss)
    USART_Receive_Buf                        0x2000019c   Data         128  usart_app.o(.bss)
    .bss                                     0x2000021c   Section      888  picocap_app.o(.bss)
    Data_1st_FilterBuf                       0x2000021c   Data         384  picocap_app.o(.bss)
    Data_1st_FilterBufBak                    0x2000039c   Data         384  picocap_app.o(.bss)
    Data_2nd_FilterBuf                       0x2000051c   Data          40  picocap_app.o(.bss)
    Data_2nd_FilterBufBak                    0x20000544   Data          40  picocap_app.o(.bss)
    DataResBuf                               0x2000056c   Data          40  picocap_app.o(.bss)
    .bss                                     0x20000598   Section     2048  in_flash.o(.bss)
    Flash_Buf                                0x20000598   Data        2048  in_flash.o(.bss)
    .bss                                     0x20000d98   Section      100  spi_bsp.o(.bss)
    hspi1                                    0x20000d98   Data         100  spi_bsp.o(.bss)
    .bss                                     0x20000dfc   Section      132  adc_bsp.o(.bss)
    hadc                                     0x20000dfc   Data          64  adc_bsp.o(.bss)
    hdma_adc                                 0x20000e3c   Data          68  adc_bsp.o(.bss)
    .bss                                     0x20000e80   Section       20  dac_bsp.o(.bss)
    hdac                                     0x20000e80   Data          20  dac_bsp.o(.bss)
    .bss                                     0x20000e94   Section       16  iwdg_bsp.o(.bss)
    hiwdg                                    0x20000e94   Data          16  iwdg_bsp.o(.bss)
    .bss                                     0x20000ea4   Section      264  usart_bsp.o(.bss)
    hdma_usart_rx                            0x20000f24   Data          68  usart_bsp.o(.bss)
    hdma_usart_tx                            0x20000f68   Data          68  usart_bsp.o(.bss)
    .bss                                     0x20000fac   Section       88  tim_bsp.o(.bss)
    htim3                                    0x20000fc4   Data          64  tim_bsp.o(.bss)
    .bss                                     0x20001004   Section      256  modbus.o(.bss)
    ModBus_Receive_Buf                       0x20001004   Data         128  modbus.o(.bss)
    ModBus_Send_Buf                          0x20001084   Data         128  modbus.o(.bss)
    .bss                                     0x20001104   Section       80  modbus_ascii.o(.bss)
    Send_Buf                                 0x20001104   Data          80  modbus_ascii.o(.bss)
    .bss                                     0x20001154   Section      109  modbus_conf.o(.bss)
    .bss                                     0x200011c8   Section       32  stm32f0xx_hal_flash.o(.bss)
    .bss                                     0x200011e8   Section       96  libspace.o(.bss)
    HEAP                                     0x20001248   Section        0  startup_stm32f072xb.o(HEAP)
    STACK                                    0x20001248   Section     1024  startup_stm32f072xb.o(STACK)
    Heap_Mem                                 0x20001248   Data           0  startup_stm32f072xb.o(HEAP)
    Stack_Mem                                0x20001248   Data        1024  startup_stm32f072xb.o(STACK)
    __initial_sp                             0x20001648   Data           0  startup_stm32f072xb.o(STACK)

    Global Symbols

    Symbol Name                              Value     Ov Type        Size  Object(Section)

    BuildAttributes$$THM_ISAv3M$S$PE$A:L22$X:L11$S22$IEEE1$IW$USESV6$~STKCKD$USESV7$~SHL$OTIME$ROPI$IEEEJ$EBA8$UX$STANDARDLIB$REQ8$PRES8$EABIv2 0x00000000   Number         0  anon$$obj.o ABSOLUTE
    __ARM_use_no_argv                        0x00000000   Number         0  main.o ABSOLUTE
    __ARM_exceptions_init                     - Undefined Weak Reference
    __alloca_initialize                       - Undefined Weak Reference
    __arm_preinit_                            - Undefined Weak Reference
    __cpp_initialize__aeabi_                  - Undefined Weak Reference
    __cxa_finalize                            - Undefined Weak Reference
    __rt_locale                               - Undefined Weak Reference
    __sigvec_lookup                           - Undefined Weak Reference
    _atexit_init                              - Undefined Weak Reference
    _call_atexit_fns                          - Undefined Weak Reference
    _clock_init                               - Undefined Weak Reference
    _fp_trap_init                             - Undefined Weak Reference
    _fp_trap_shutdown                         - Undefined Weak Reference
    _get_lc_collate                           - Undefined Weak Reference
    _get_lc_ctype                             - Undefined Weak Reference
    _get_lc_monetary                          - Undefined Weak Reference
    _get_lc_numeric                           - Undefined Weak Reference
    _get_lc_time                              - Undefined Weak Reference
    _getenv_init                              - Undefined Weak Reference
    _handle_redirection                       - Undefined Weak Reference
    _init_alloc                               - Undefined Weak Reference
    _init_user_alloc                          - Undefined Weak Reference
    _initio                                   - Undefined Weak Reference
    _rand_init                                - Undefined Weak Reference
    _signal_finish                            - Undefined Weak Reference
    _signal_init                              - Undefined Weak Reference
    _terminate_alloc                          - Undefined Weak Reference
    _terminate_user_alloc                     - Undefined Weak Reference
    _terminateio                              - Undefined Weak Reference
    __Vectors_Size                           0x000000c0   Number         0  startup_stm32f072xb.o ABSOLUTE
    __Vectors                                0x08003000   Data           4  startup_stm32f072xb.o(RESET)
    __Vectors_End                            0x080030c0   Data           0  startup_stm32f072xb.o(RESET)
    __main                                   0x080030c1   Thumb Code     8  __main.o(!!!main)
    __scatterload                            0x080030c9   Thumb Code     0  __scatter.o(!!!scatter)
    __scatterload_rt2                        0x080030c9   Thumb Code    52  __scatter.o(!!!scatter)
    __scatterload_rt2_thumb_only             0x080030c9   Thumb Code     0  __scatter.o(!!!scatter)
    __scatterload_null                       0x080030d9   Thumb Code     0  __scatter.o(!!!scatter)
    __scatterload_copy                       0x08003105   Thumb Code    26  __scatter_copy.o(!!handler_copy)
    __scatterload_zeroinit                   0x08003121   Thumb Code    28  __scatter_zi.o(!!handler_zi)
    __rt_lib_init                            0x0800313d   Thumb Code     0  libinit.o(.ARM.Collect$$libinit$$00000000)
    __rt_lib_init_alloca_1                   0x0800313f   Thumb Code     0  libinit2.o(.ARM.Collect$$libinit$$0000002E)
    __rt_lib_init_argv_1                     0x0800313f   Thumb Code     0  libinit2.o(.ARM.Collect$$libinit$$0000002C)
    __rt_lib_init_atexit_1                   0x0800313f   Thumb Code     0  libinit2.o(.ARM.Collect$$libinit$$0000001B)
    __rt_lib_init_clock_1                    0x0800313f   Thumb Code     0  libinit2.o(.ARM.Collect$$libinit$$00000021)
    __rt_lib_init_cpp_1                      0x0800313f   Thumb Code     0  libinit2.o(.ARM.Collect$$libinit$$00000032)
    __rt_lib_init_exceptions_1               0x0800313f   Thumb Code     0  libinit2.o(.ARM.Collect$$libinit$$00000030)
    __rt_lib_init_fp_1                       0x0800313f   Thumb Code     0  libinit2.o(.ARM.Collect$$libinit$$00000002)
    __rt_lib_init_fp_trap_1                  0x0800313f   Thumb Code     0  libinit2.o(.ARM.Collect$$libinit$$0000001F)
    __rt_lib_init_getenv_1                   0x0800313f   Thumb Code     0  libinit2.o(.ARM.Collect$$libinit$$00000023)
    __rt_lib_init_heap_1                     0x0800313f   Thumb Code     0  libinit2.o(.ARM.Collect$$libinit$$0000000A)
    __rt_lib_init_lc_collate_1               0x0800313f   Thumb Code     0  libinit2.o(.ARM.Collect$$libinit$$00000011)
    __rt_lib_init_lc_ctype_1                 0x0800313f   Thumb Code     0  libinit2.o(.ARM.Collect$$libinit$$00000013)
    __rt_lib_init_lc_monetary_1              0x0800313f   Thumb Code     0  libinit2.o(.ARM.Collect$$libinit$$00000015)
    __rt_lib_init_lc_numeric_1               0x0800313f   Thumb Code     0  libinit2.o(.ARM.Collect$$libinit$$00000017)
    __rt_lib_init_lc_time_1                  0x0800313f   Thumb Code     0  libinit2.o(.ARM.Collect$$libinit$$00000019)
    __rt_lib_init_preinit_1                  0x0800313f   Thumb Code     0  libinit2.o(.ARM.Collect$$libinit$$00000004)
    __rt_lib_init_rand_1                     0x0800313f   Thumb Code     0  libinit2.o(.ARM.Collect$$libinit$$0000000E)
    __rt_lib_init_return                     0x0800313f   Thumb Code     0  libinit2.o(.ARM.Collect$$libinit$$00000033)
    __rt_lib_init_signal_1                   0x0800313f   Thumb Code     0  libinit2.o(.ARM.Collect$$libinit$$0000001D)
    __rt_lib_init_stdio_1                    0x0800313f   Thumb Code     0  libinit2.o(.ARM.Collect$$libinit$$00000025)
    __rt_lib_init_user_alloc_1               0x0800313f   Thumb Code     0  libinit2.o(.ARM.Collect$$libinit$$0000000C)
    __rt_lib_shutdown                        0x08003141   Thumb Code     0  libshutdown.o(.ARM.Collect$$libshutdown$$00000000)
    __rt_lib_shutdown_cpp_1                  0x08003143   Thumb Code     0  libshutdown2.o(.ARM.Collect$$libshutdown$$00000002)
    __rt_lib_shutdown_fp_trap_1              0x08003143   Thumb Code     0  libshutdown2.o(.ARM.Collect$$libshutdown$$00000007)
    __rt_lib_shutdown_heap_1                 0x08003143   Thumb Code     0  libshutdown2.o(.ARM.Collect$$libshutdown$$0000000F)
    __rt_lib_shutdown_return                 0x08003143   Thumb Code     0  libshutdown2.o(.ARM.Collect$$libshutdown$$00000010)
    __rt_lib_shutdown_signal_1               0x08003143   Thumb Code     0  libshutdown2.o(.ARM.Collect$$libshutdown$$0000000A)
    __rt_lib_shutdown_stdio_1                0x08003143   Thumb Code     0  libshutdown2.o(.ARM.Collect$$libshutdown$$00000004)
    __rt_lib_shutdown_user_alloc_1           0x08003143   Thumb Code     0  libshutdown2.o(.ARM.Collect$$libshutdown$$0000000C)
    __rt_entry                               0x08003145   Thumb Code     0  __rtentry.o(.ARM.Collect$$rtentry$$00000000)
    __rt_entry_presh_1                       0x08003145   Thumb Code     0  __rtentry2.o(.ARM.Collect$$rtentry$$00000002)
    __rt_entry_sh                            0x08003145   Thumb Code     0  __rtentry4.o(.ARM.Collect$$rtentry$$00000004)
    __rt_entry_li                            0x0800314b   Thumb Code     0  __rtentry2.o(.ARM.Collect$$rtentry$$0000000A)
    __rt_entry_postsh_1                      0x0800314b   Thumb Code     0  __rtentry2.o(.ARM.Collect$$rtentry$$00000009)
    __rt_entry_main                          0x0800314f   Thumb Code     0  __rtentry2.o(.ARM.Collect$$rtentry$$0000000D)
    __rt_entry_postli_1                      0x0800314f   Thumb Code     0  __rtentry2.o(.ARM.Collect$$rtentry$$0000000C)
    __rt_exit                                0x08003157   Thumb Code     0  rtexit.o(.ARM.Collect$$rtexit$$00000000)
    __rt_exit_ls                             0x08003159   Thumb Code     0  rtexit2.o(.ARM.Collect$$rtexit$$00000003)
    __rt_exit_prels_1                        0x08003159   Thumb Code     0  rtexit2.o(.ARM.Collect$$rtexit$$00000002)
    __rt_exit_exit                           0x0800315d   Thumb Code     0  rtexit2.o(.ARM.Collect$$rtexit$$00000004)
    __aeabi_memcpy4                          0x08003165   Thumb Code    56  rt_memcpy.o(.emb_text)
    __aeabi_memcpy8                          0x08003165   Thumb Code     0  rt_memcpy.o(.emb_text)
    Reset_Handler                            0x0800319d   Thumb Code     8  startup_stm32f072xb.o(.text)
    CEC_CAN_IRQHandler                       0x080031af   Thumb Code     0  startup_stm32f072xb.o(.text)
    DMA1_Channel4_5_6_7_IRQHandler           0x080031af   Thumb Code     0  startup_stm32f072xb.o(.text)
    EXTI0_1_IRQHandler                       0x080031af   Thumb Code     0  startup_stm32f072xb.o(.text)
    EXTI2_3_IRQHandler                       0x080031af   Thumb Code     0  startup_stm32f072xb.o(.text)
    EXTI4_15_IRQHandler                      0x080031af   Thumb Code     0  startup_stm32f072xb.o(.text)
    FLASH_IRQHandler                         0x080031af   Thumb Code     0  startup_stm32f072xb.o(.text)
    I2C1_IRQHandler                          0x080031af   Thumb Code     0  startup_stm32f072xb.o(.text)
    I2C2_IRQHandler                          0x080031af   Thumb Code     0  startup_stm32f072xb.o(.text)
    PVD_VDDIO2_IRQHandler                    0x080031af   Thumb Code     0  startup_stm32f072xb.o(.text)
    RCC_CRS_IRQHandler                       0x080031af   Thumb Code     0  startup_stm32f072xb.o(.text)
    RTC_IRQHandler                           0x080031af   Thumb Code     0  startup_stm32f072xb.o(.text)
    SPI1_IRQHandler                          0x080031af   Thumb Code     0  startup_stm32f072xb.o(.text)
    SPI2_IRQHandler                          0x080031af   Thumb Code     0  startup_stm32f072xb.o(.text)
    TIM14_IRQHandler                         0x080031af   Thumb Code     0  startup_stm32f072xb.o(.text)
    TIM15_IRQHandler                         0x080031af   Thumb Code     0  startup_stm32f072xb.o(.text)
    TIM16_IRQHandler                         0x080031af   Thumb Code     0  startup_stm32f072xb.o(.text)
    TIM17_IRQHandler                         0x080031af   Thumb Code     0  startup_stm32f072xb.o(.text)
    TIM1_BRK_UP_TRG_COM_IRQHandler           0x080031af   Thumb Code     0  startup_stm32f072xb.o(.text)
    TIM1_CC_IRQHandler                       0x080031af   Thumb Code     0  startup_stm32f072xb.o(.text)
    TIM2_IRQHandler                          0x080031af   Thumb Code     0  startup_stm32f072xb.o(.text)
    TIM3_IRQHandler                          0x080031af   Thumb Code     0  startup_stm32f072xb.o(.text)
    TIM6_DAC_IRQHandler                      0x080031af   Thumb Code     0  startup_stm32f072xb.o(.text)
    TIM7_IRQHandler                          0x080031af   Thumb Code     0  startup_stm32f072xb.o(.text)
    TSC_IRQHandler                           0x080031af   Thumb Code     0  startup_stm32f072xb.o(.text)
    USART2_IRQHandler                        0x080031af   Thumb Code     0  startup_stm32f072xb.o(.text)
    USART3_4_IRQHandler                      0x080031af   Thumb Code     0  startup_stm32f072xb.o(.text)
    USB_IRQHandler                           0x080031af   Thumb Code     0  startup_stm32f072xb.o(.text)
    WWDG_IRQHandler                          0x080031af   Thumb Code     0  startup_stm32f072xb.o(.text)
    __user_initial_stackheap                 0x080031b1   Thumb Code     0  startup_stm32f072xb.o(.text)
    __aeabi_llsr                             0x080031d1   Thumb Code    34  llushr.o(.text)
    _ll_ushift_r                             0x080031d1   Thumb Code     0  llushr.o(.text)
    __aeabi_uldivmod                         0x080031f3   Thumb Code   258  lludiv.o(.text)
    _ll_udiv                                 0x080031f3   Thumb Code     0  lludiv.o(.text)
    __aeabi_memcpy                           0x080032f5   Thumb Code   130  rt_memcpy.o(.text)
    __rt_memcpy                              0x080032f5   Thumb Code     0  rt_memcpy.o(.text)
    _memset_w                                0x08003377   Thumb Code    26  rt_memclr.o(.text)
    _memset                                  0x08003391   Thumb Code    30  rt_memclr.o(.text)
    __aeabi_memclr                           0x080033af   Thumb Code     4  rt_memclr.o(.text)
    __rt_memclr                              0x080033af   Thumb Code     0  rt_memclr.o(.text)
    __aeabi_memclr4                          0x080033b3   Thumb Code     0  rt_memclr.o(.text)
    __aeabi_memclr8                          0x080033b3   Thumb Code     0  rt_memclr.o(.text)
    __rt_memclr_w                            0x080033b3   Thumb Code     4  rt_memclr.o(.text)
    __aeabi_uidiv                            0x080033b7   Thumb Code     0  aeabi_sdiv.o(.text)
    __aeabi_uidivmod                         0x080033b7   Thumb Code    20  aeabi_sdiv.o(.text)
    __aeabi_idiv                             0x080033cb   Thumb Code     0  aeabi_sdiv.o(.text)
    __aeabi_idivmod                          0x080033cb   Thumb Code   326  aeabi_sdiv.o(.text)
    __use_two_region_memory                  0x08003511   Thumb Code     2  heapauxi.o(.text)
    __rt_heap_escrow$2region                 0x08003513   Thumb Code     2  heapauxi.o(.text)
    __rt_heap_expand$2region                 0x08003515   Thumb Code     2  heapauxi.o(.text)
    __aeabi_d2f                              0x08003519   Thumb Code     0  d2f.o(.text)
    _d2f                                     0x08003519   Thumb Code   120  d2f.o(.text)
    __aeabi_dadd                             0x0800388d   Thumb Code     0  daddsub.o(.text)
    _dadd                                    0x0800388d   Thumb Code    26  daddsub.o(.text)
    __aeabi_dsub                             0x080038a7   Thumb Code     0  daddsub.o(.text)
    _dsub                                    0x080038a7   Thumb Code    22  daddsub.o(.text)
    __aeabi_drsub                            0x080038bd   Thumb Code     0  daddsub.o(.text)
    _drsb                                    0x080038bd   Thumb Code    28  daddsub.o(.text)
    __aeabi_ddiv                             0x080038ed   Thumb Code     0  ddiv.o(.text)
    _ddiv                                    0x080038ed   Thumb Code  1072  ddiv.o(.text)
    _drdiv                                   0x08003d1d   Thumb Code    20  ddiv.o(.text)
    __aeabi_d2uiz                            0x08003d35   Thumb Code     0  dfixui.o(.text)
    _dfixu                                   0x08003d35   Thumb Code    68  dfixui.o(.text)
    __aeabi_i2d_normalise                    0x08003d7d   Thumb Code    66  dflti.o(.text)
    __aeabi_i2d                              0x08003dbf   Thumb Code    16  dflti.o(.text)
    _dflt                                    0x08003dbf   Thumb Code     0  dflti.o(.text)
    __aeabi_ui2d                             0x08003dcf   Thumb Code     6  dflti.o(.text)
    _dfltu                                   0x08003dcf   Thumb Code     0  dflti.o(.text)
    __aeabi_dmul                             0x08003dd5   Thumb Code     0  dmul.o(.text)
    _dmul                                    0x08003dd5   Thumb Code   558  dmul.o(.text)
    __ARM_scalbn                             0x0800401d   Thumb Code    84  dscalbn.o(.text)
    __aeabi_f2d                              0x0800407d   Thumb Code     0  f2d.o(.text)
    _f2d                                     0x0800407d   Thumb Code    80  f2d.o(.text)
    __aeabi_fdiv                             0x080040d1   Thumb Code     0  fdiv.o(.text)
    _fdiv                                    0x080040d1   Thumb Code   334  fdiv.o(.text)
    _frdiv                                   0x0800421f   Thumb Code     8  fdiv.o(.text)
    __aeabi_f2uiz                            0x08004231   Thumb Code     0  ffixui.o(.text)
    _ffixu                                   0x08004231   Thumb Code    48  ffixui.o(.text)
    __aeabi_i2f_normalise                    0x08004261   Thumb Code    72  fflti.o(.text)
    __aeabi_i2f                              0x080042a9   Thumb Code    16  fflti.o(.text)
    _fflt                                    0x080042a9   Thumb Code     0  fflti.o(.text)
    __aeabi_ui2f                             0x080042b9   Thumb Code     6  fflti.o(.text)
    _ffltu                                   0x080042b9   Thumb Code     0  fflti.o(.text)
    __read_errno                             0x080042bf   Thumb Code    10  _rserrno.o(.text)
    __set_errno                              0x080042c9   Thumb Code    12  _rserrno.o(.text)
    _dsqrt                                   0x080042d5   Thumb Code   248  dsqrt.o(.text)
    __aeabi_errno_addr                       0x080043d5   Thumb Code     8  rt_errno_addr_intlibspace.o(.text)
    __errno$intlibspace                      0x080043d5   Thumb Code     0  rt_errno_addr_intlibspace.o(.text)
    __rt_errno_addr$intlibspace              0x080043d5   Thumb Code     0  rt_errno_addr_intlibspace.o(.text)
    __user_libspace                          0x080043dd   Thumb Code     8  libspace.o(.text)
    __user_perproc_libspace                  0x080043dd   Thumb Code     0  libspace.o(.text)
    __user_perthread_libspace                0x080043dd   Thumb Code     0  libspace.o(.text)
    __user_setup_stackheap                   0x080043e5   Thumb Code    62  sys_stackheap_outer.o(.text)
    exit                                     0x08004423   Thumb Code    16  exit.o(.text)
    _sys_exit                                0x08004435   Thumb Code     8  sys_exit.o(.text)
    __I$use$semihosting                      0x08004441   Thumb Code     0  use_no_semi.o(.text)
    __use_no_semihosting_swi                 0x08004441   Thumb Code     2  use_no_semi.o(.text)
    __semihosting_library_function           0x08004443   Thumb Code     0  indicate_semi.o(.text)
    ADC1_COMP_IRQHandler                     0x08004445   Thumb Code    10  adc_bsp.o(i.ADC1_COMP_IRQHandler)
    BSP_DAC_Convert                          0x08004455   Thumb Code    64  dac_bsp.o(i.BSP_DAC_Convert)
    BSP_DAC_Init                             0x0800449d   Thumb Code    54  dac_bsp.o(i.BSP_DAC_Init)
    BSP_Get_DAC                              0x080044dd   Thumb Code    40  dac_bsp.o(i.BSP_Get_DAC)
    BSP_IWDG_Init                            0x08004509   Thumb Code    34  iwdg_bsp.o(i.BSP_IWDG_Init)
    BSP_IWDG_Refresh                         0x0800453d   Thumb Code    10  iwdg_bsp.o(i.BSP_IWDG_Refresh)
    BSP_SPI_Init                             0x0800454d   Thumb Code    66  spi_bsp.o(i.BSP_SPI_Init)
    BSP_SPI_Transmit                         0x08004599   Thumb Code    26  spi_bsp.o(i.BSP_SPI_Transmit)
    BSP_SPI_TransmitReceive                  0x080045bd   Thumb Code    32  spi_bsp.o(i.BSP_SPI_TransmitReceive)
    BSP_UART_CharMatch_Config                0x080045e5   Thumb Code    78  usart_bsp.o(i.BSP_UART_CharMatch_Config)
    BSP_UART_Receive_DMA                     0x0800463d   Thumb Code    24  usart_bsp.o(i.BSP_UART_Receive_DMA)
    BSP_UART_ReceiverTimeout_Config          0x08004659   Thumb Code    56  usart_bsp.o(i.BSP_UART_ReceiverTimeout_Config)
    BSP_UART_Transmit_DMA                    0x08004695   Thumb Code    24  usart_bsp.o(i.BSP_UART_Transmit_DMA)
    BSP_USART_UART_Init                      0x080046b1   Thumb Code    74  usart_bsp.o(i.BSP_USART_UART_Init)
    DMA1_Channel1_IRQHandler                 0x08004725   Thumb Code    10  adc_bsp.o(i.DMA1_Channel1_IRQHandler)
    DMA1_Channel2_3_IRQHandler               0x08004735   Thumb Code    18  usart_bsp.o(i.DMA1_Channel2_3_IRQHandler)
    DataConvertParam_Init                    0x0800479b   Thumb Code    14  picocap_app.o(i.DataConvertParam_Init)
    DataFilterParam_Init                     0x080047a9   Thumb Code    52  picocap_app.o(i.DataFilterParam_Init)
    Error_Handler                            0x080047dd   Thumb Code     2  main.o(i.Error_Handler)
    FLASH_PageErase                          0x08004805   Thumb Code    28  stm32f0xx_hal_flash_ex.o(i.FLASH_PageErase)
    FLASH_WaitForLastOperation               0x08004881   Thumb Code    76  stm32f0xx_hal_flash.o(i.FLASH_WaitForLastOperation)
    GetAverage                               0x080048f1   Thumb Code    56  typeconvert.o(i.GetAverage)
    GetDelExtremeAndAverage                  0x08004929   Thumb Code    36  typeconvert.o(i.GetDelExtremeAndAverage)
    HAL_ADC_ConvCpltCallback                 0x0800494d   Thumb Code     2  stm32f0xx_hal_adc.o(i.HAL_ADC_ConvCpltCallback)
    HAL_ADC_ErrorCallback                    0x0800494f   Thumb Code     2  stm32f0xx_hal_adc.o(i.HAL_ADC_ErrorCallback)
    HAL_ADC_IRQHandler                       0x08004951   Thumb Code   208  stm32f0xx_hal_adc.o(i.HAL_ADC_IRQHandler)
    HAL_ADC_LevelOutOfWindowCallback         0x08004a21   Thumb Code     2  stm32f0xx_hal_adc.o(i.HAL_ADC_LevelOutOfWindowCallback)
    HAL_DAC_ConfigChannel                    0x08004a25   Thumb Code    52  stm32f0xx_hal_dac_ex.o(i.HAL_DAC_ConfigChannel)
    HAL_DAC_GetValue                         0x08004a5d   Thumb Code    14  stm32f0xx_hal_dac_ex.o(i.HAL_DAC_GetValue)
    HAL_DAC_Init                             0x08004a6b   Thumb Code    44  stm32f0xx_hal_dac.o(i.HAL_DAC_Init)
    HAL_DAC_MspInit                          0x08004a99   Thumb Code    72  dac_bsp.o(i.HAL_DAC_MspInit)
    HAL_DAC_SetValue                         0x08004ae5   Thumb Code    32  stm32f0xx_hal_dac.o(i.HAL_DAC_SetValue)
    HAL_DAC_Start                            0x08004b05   Thumb Code    86  stm32f0xx_hal_dac_ex.o(i.HAL_DAC_Start)
    HAL_DMA_IRQHandler                       0x08004b5b   Thumb Code   170  stm32f0xx_hal_dma.o(i.HAL_DMA_IRQHandler)
    HAL_DMA_Init                             0x08004c05   Thumb Code    76  stm32f0xx_hal_dma.o(i.HAL_DMA_Init)
    HAL_DMA_Start_IT                         0x08004c55   Thumb Code   114  stm32f0xx_hal_dma.o(i.HAL_DMA_Start_IT)
    HAL_Delay                                0x08004cc9   Thumb Code    32  stm32f0xx_hal.o(i.HAL_Delay)
    HAL_FLASHEx_Erase                        0x08004ced   Thumb Code   148  stm32f0xx_hal_flash_ex.o(i.HAL_FLASHEx_Erase)
    HAL_FLASH_Lock                           0x08004d8d   Thumb Code    14  stm32f0xx_hal_flash.o(i.HAL_FLASH_Lock)
    HAL_FLASH_Program                        0x08004da1   Thumb Code   120  stm32f0xx_hal_flash.o(i.HAL_FLASH_Program)
    HAL_FLASH_Unlock                         0x08004e25   Thumb Code    28  stm32f0xx_hal_flash.o(i.HAL_FLASH_Unlock)
    HAL_GPIO_Init                            0x08004e4d   Thumb Code   314  stm32f0xx_hal_gpio.o(i.HAL_GPIO_Init)
    HAL_GPIO_WritePin                        0x08004fa5   Thumb Code    12  stm32f0xx_hal_gpio.o(i.HAL_GPIO_WritePin)
    HAL_GetTick                              0x08004fb1   Thumb Code     6  stm32f0xx_hal.o(i.HAL_GetTick)
    HAL_IWDG_Init                            0x08004fbd   Thumb Code    88  stm32f0xx_hal_iwdg.o(i.HAL_IWDG_Init)
    HAL_IWDG_Refresh                         0x08005021   Thumb Code    10  stm32f0xx_hal_iwdg.o(i.HAL_IWDG_Refresh)
    HAL_IncTick                              0x08005031   Thumb Code    12  stm32f0xx_hal.o(i.HAL_IncTick)
    HAL_Init                                 0x08005041   Thumb Code    26  stm32f0xx_hal.o(i.HAL_Init)
    HAL_InitTick                             0x08005061   Thumb Code    62  stm32f0xx_hal.o(i.HAL_InitTick)
    HAL_MspInit                              0x080050a9   Thumb Code    34  stm32f0xx_hal_msp.o(i.HAL_MspInit)
    HAL_NVIC_EnableIRQ                       0x080050d1   Thumb Code    18  stm32f0xx_hal_cortex.o(i.HAL_NVIC_EnableIRQ)
    HAL_NVIC_SetPriority                     0x080050e9   Thumb Code     8  stm32f0xx_hal_cortex.o(i.HAL_NVIC_SetPriority)
    HAL_NVIC_SystemReset                     0x080050f1   Thumb Code    18  stm32f0xx_hal_cortex.o(i.HAL_NVIC_SystemReset)
    HAL_RCCEx_PeriphCLKConfig                0x0800510d   Thumb Code   280  stm32f0xx_hal_rcc_ex.o(i.HAL_RCCEx_PeriphCLKConfig)
    HAL_RCC_ClockConfig                      0x08005231   Thumb Code   280  stm32f0xx_hal_rcc.o(i.HAL_RCC_ClockConfig)
    HAL_RCC_GetHCLKFreq                      0x0800535d   Thumb Code     6  stm32f0xx_hal_rcc.o(i.HAL_RCC_GetHCLKFreq)
    HAL_RCC_GetPCLK1Freq                     0x08005369   Thumb Code    22  stm32f0xx_hal_rcc.o(i.HAL_RCC_GetPCLK1Freq)
    HAL_RCC_GetSysClockFreq                  0x08005389   Thumb Code   144  stm32f0xx_hal_rcc.o(i.HAL_RCC_GetSysClockFreq)
    HAL_RCC_OscConfig                        0x08005445   Thumb Code  1186  stm32f0xx_hal_rcc.o(i.HAL_RCC_OscConfig)
    HAL_SPI_Init                             0x080058e7   Thumb Code   186  stm32f0xx_hal_spi.o(i.HAL_SPI_Init)
    HAL_SPI_MspInit                          0x080059a1   Thumb Code   126  spi_bsp.o(i.HAL_SPI_MspInit)
    HAL_SPI_Transmit                         0x08005a29   Thumb Code   440  stm32f0xx_hal_spi.o(i.HAL_SPI_Transmit)
    HAL_SPI_TransmitReceive                  0x08005be1   Thumb Code   626  stm32f0xx_hal_spi.o(i.HAL_SPI_TransmitReceive)
    HAL_SYSTICK_Config                       0x08005e55   Thumb Code    38  stm32f0xx_hal_cortex.o(i.HAL_SYSTICK_Config)
    HAL_TIMEx_MasterConfigSynchronization    0x08005e85   Thumb Code    84  stm32f0xx_hal_tim_ex.o(i.HAL_TIMEx_MasterConfigSynchronization)
    HAL_TIM_Base_Init                        0x08005ee5   Thumb Code    54  stm32f0xx_hal_tim.o(i.HAL_TIM_Base_Init)
    HAL_TIM_Base_MspInit                     0x08005f1d   Thumb Code    90  tim_bsp.o(i.HAL_TIM_Base_MspInit)
    HAL_TIM_ConfigClockSource                0x08005f85   Thumb Code   220  stm32f0xx_hal_tim.o(i.HAL_TIM_ConfigClockSource)
    HAL_TIM_MspPostInit                      0x08006061   Thumb Code   110  tim_bsp.o(i.HAL_TIM_MspPostInit)
    HAL_TIM_PWM_ConfigChannel                0x080060d9   Thumb Code   224  stm32f0xx_hal_tim.o(i.HAL_TIM_PWM_ConfigChannel)
    HAL_TIM_PWM_Init                         0x080061b9   Thumb Code    54  stm32f0xx_hal_tim.o(i.HAL_TIM_PWM_Init)
    HAL_TIM_PWM_MspInit                      0x080061ef   Thumb Code     2  stm32f0xx_hal_tim.o(i.HAL_TIM_PWM_MspInit)
    HAL_TIM_PWM_Start                        0x080061f1   Thumb Code    72  stm32f0xx_hal_tim.o(i.HAL_TIM_PWM_Start)
    HAL_UART_CMatchCallback                  0x08006249   Thumb Code    54  usart_app.o(i.HAL_UART_CMatchCallback)
    HAL_UART_ErrorCallback                   0x08006285   Thumb Code     2  stm32f0xx_hal_uart.o(i.HAL_UART_ErrorCallback)
    HAL_UART_Init                            0x08006287   Thumb Code   112  stm32f0xx_hal_uart.o(i.HAL_UART_Init)
    HAL_UART_MspInit                         0x080062f9   Thumb Code   240  usart_bsp.o(i.HAL_UART_MspInit)
    HAL_UART_Receive_DMA                     0x080063f5   Thumb Code   178  stm32f0xx_hal_uart.o(i.HAL_UART_Receive_DMA)
    HAL_UART_RxCpltCallback                  0x080064b5   Thumb Code     8  usart_app.o(i.HAL_UART_RxCpltCallback)
    HAL_UART_RxHalfCpltCallback              0x080064c1   Thumb Code     2  stm32f0xx_hal_uart.o(i.HAL_UART_RxHalfCpltCallback)
    HAL_UART_RxTimoCallback                  0x080064c5   Thumb Code    56  usart_app.o(i.HAL_UART_RxTimoCallback)
    HAL_UART_Transmit_DMA                    0x08006501   Thumb Code   168  stm32f0xx_hal_uart.o(i.HAL_UART_Transmit_DMA)
    HAL_UART_TxCpltCallback                  0x080065b5   Thumb Code    24  usart_app.o(i.HAL_UART_TxCpltCallback)
    HAL_UART_TxHalfCpltCallback              0x080065d1   Thumb Code     2  stm32f0xx_hal_uart.o(i.HAL_UART_TxHalfCpltCallback)
    HardFault_Handler                        0x080065d3   Thumb Code     2  stm32f0xx_it.o(i.HardFault_Handler)
    HexToFloat                               0x080065d5   Thumb Code    22  typeconvert.o(i.HexToFloat)
    InFlash_Erase_Page                       0x080065ed   Thumb Code    42  in_flash.o(i.InFlash_Erase_Page)
    InFlash_Read_MultiBytes                  0x0800661d   Thumb Code    32  in_flash.o(i.InFlash_Read_MultiBytes)
    InFlash_Read_OneByte                     0x0800663d   Thumb Code     8  in_flash.o(i.InFlash_Read_OneByte)
    InFlash_Write_MultiBytes                 0x08006649   Thumb Code   224  in_flash.o(i.InFlash_Write_MultiBytes)
    InFlash_Write_OneByte                    0x08006731   Thumb Code   172  in_flash.o(i.InFlash_Write_OneByte)
    InMemory_Read_MultiBytes                 0x080067e5   Thumb Code     8  in_memory_app.o(i.InMemory_Read_MultiBytes)
    InMemory_Read_OneByte                    0x080067ed   Thumb Code     8  in_memory_app.o(i.InMemory_Read_OneByte)
    InMemory_SystemParam_Check               0x080067f5   Thumb Code   124  in_memory_app.o(i.InMemory_SystemParam_Check)
    InMemory_Write2T_MultiBytes              0x08006879   Thumb Code    52  in_memory_app.o(i.InMemory_Write2T_MultiBytes)
    InMemory_Write_MultiBytes                0x080068ad   Thumb Code     8  in_memory_app.o(i.InMemory_Write_MultiBytes)
    InMemory_Write_OneByte                   0x080068b5   Thumb Code     8  in_memory_app.o(i.InMemory_Write_OneByte)
    MB_CapDAOut_Calibration                  0x080068bd   Thumb Code   116  modbus_conf.o(i.MB_CapDAOut_Calibration)
    MB_CapPWMOut_Calibration                 0x08006935   Thumb Code   142  modbus_conf.o(i.MB_CapPWMOut_Calibration)
    MB_Cap_Calibration                       0x080069c9   Thumb Code    56  modbus_conf.o(i.MB_Cap_Calibration)
    MODBUS_ASCII_AsciiPacketToRtuPacket      0x08006a47   Thumb Code    40  modbus_ascii.o(i.MODBUS_ASCII_AsciiPacketToRtuPacket)
    MODBUS_ASCII_AsciiToHex                  0x08006a6f   Thumb Code    64  modbus_ascii.o(i.MODBUS_ASCII_AsciiToHex)
    MODBUS_ASCII_CheckAscii                  0x08006aaf   Thumb Code    50  modbus_ascii.o(i.MODBUS_ASCII_CheckAscii)
    MODBUS_ASCII_HexToAscii                  0x08006ae1   Thumb Code    36  modbus_ascii.o(i.MODBUS_ASCII_HexToAscii)
    MODBUS_ASCII_RecvData                    0x08006b05   Thumb Code   112  modbus_ascii.o(i.MODBUS_ASCII_RecvData)
    MODBUS_ASCII_RtuPacketToAsciiPacket      0x08006b75   Thumb Code    38  modbus_ascii.o(i.MODBUS_ASCII_RtuPacketToAsciiPacket)
    MODBUS_ASCII_SendData                    0x08006b9d   Thumb Code   122  modbus_ascii.o(i.MODBUS_ASCII_SendData)
    MODBUS_GetLrc                            0x08006c1d   Thumb Code    28  modbus_ascii.o(i.MODBUS_GetLrc)
    ModBus_Init                              0x08006c39   Thumb Code    38  modbus.o(i.ModBus_Init)
    ModbusAutoUpload                         0x08006d05   Thumb Code   110  modbus_conf.o(i.ModbusAutoUpload)
    ModbusFunc03                             0x08006d75   Thumb Code   368  modbus_conf.o(i.ModbusFunc03)
    ModbusFunc04                             0x08006ef1   Thumb Code   266  modbus_conf.o(i.ModbusFunc04)
    ModbusFunc05                             0x08006ffd   Thumb Code   258  modbus_conf.o(i.ModbusFunc05)
    ModbusFunc10                             0x0800710d   Thumb Code   552  modbus_conf.o(i.ModbusFunc10)
    ModbusFunc25                             0x0800733d   Thumb Code   454  modbus_conf.o(i.ModbusFunc25)
    ModbusFunc26                             0x08007509   Thumb Code   502  modbus_conf.o(i.ModbusFunc26)
    ModbusFunc27                             0x08007701   Thumb Code  1284  modbus_conf.o(i.ModbusFunc27)
    ModbusFunc2A                             0x08007c09   Thumb Code     2  modbus.o(i.ModbusFunc2A)
    ModbusFunc2B                             0x08007c0d   Thumb Code   352  modbus_conf.o(i.ModbusFunc2B)
    ModbusFunc41                             0x08007d71   Thumb Code   106  modbus_conf.o(i.ModbusFunc41)
    ModbusHandle                             0x08007de5   Thumb Code   234  modbus.o(i.ModbusHandle)
    NMI_Handler                              0x08007ecf   Thumb Code     2  stm32f0xx_it.o(i.NMI_Handler)
    PCap_Enable                              0x08007ed1   Thumb Code    56  picocap.o(i.PCap_Enable)
    PCap_GetTemp                             0x08007f09   Thumb Code    58  picocap_app.o(i.PCap_GetTemp)
    PCap_Init                                0x08007f61   Thumb Code    84  picocap.o(i.PCap_Init)
    PCap_Measure                             0x08007fb5   Thumb Code    44  picocap.o(i.PCap_Measure)
    PCap_PTL_Reset                           0x0800802d   Thumb Code    44  picocap.o(i.PCap_PTL_Reset)
    PCap_Reg_Config                          0x08008059   Thumb Code    74  picocap.o(i.PCap_Reg_Config)
    PCap_Res_Data                            0x080080a9   Thumb Code    76  picocap.o(i.PCap_Res_Data)
    PCap_Res_Sta                             0x080080f5   Thumb Code    72  picocap.o(i.PCap_Res_Sta)
    PCap_Reset                               0x0800813d   Thumb Code    44  picocap.o(i.PCap_Reset)
    PCap_WR_SRAM                             0x08008169   Thumb Code   174  picocap.o(i.PCap_WR_SRAM)
    PendSV_Handler                           0x0800821d   Thumb Code     2  stm32f0xx_it.o(i.PendSV_Handler)
    SVC_Handler                              0x080083a1   Thumb Code     2  stm32f0xx_it.o(i.SVC_Handler)
    Send_Data                                0x080083a3   Thumb Code    40  modbus.o(i.Send_Data)
    Sensor_DataFilter                        0x080083cd   Thumb Code   384  picocap_app.o(i.Sensor_DataFilter)
    Sensor_PCap_DA_Convert                   0x0800855d   Thumb Code   362  picocap_app.o(i.Sensor_PCap_DA_Convert)
    Sensor_PCap_DataConvert                  0x080086c9   Thumb Code   150  picocap_app.o(i.Sensor_PCap_DataConvert)
    Sensor_PCap_GetResult                    0x08008769   Thumb Code    56  picocap_app.o(i.Sensor_PCap_GetResult)
    Sensor_PCap_PWM_Convert                  0x080087a1   Thumb Code   386  picocap_app.o(i.Sensor_PCap_PWM_Convert)
    Sensor_USART_Clear_RX_Updata_Flag        0x08008925   Thumb Code     8  usart_app.o(i.Sensor_USART_Clear_RX_Updata_Flag)
    Sensor_USART_Clear_TX_Cplt_Flag          0x08008931   Thumb Code     8  usart_app.o(i.Sensor_USART_Clear_TX_Cplt_Flag)
    Sensor_USART_GetReceData                 0x0800893d   Thumb Code    76  usart_app.o(i.Sensor_USART_GetReceData)
    Sensor_USART_Get_RX_Updata_Flag          0x08008991   Thumb Code     6  usart_app.o(i.Sensor_USART_Get_RX_Updata_Flag)
    Sensor_USART_Get_TX_Cplt_Flag            0x0800899d   Thumb Code     6  usart_app.o(i.Sensor_USART_Get_TX_Cplt_Flag)
    Sensor_USART_Init                        0x080089a9   Thumb Code   118  usart_app.o(i.Sensor_USART_Init)
    SortArrayExtreme                         0x08008a25   Thumb Code    98  typeconvert.o(i.SortArrayExtreme)
    SwitchCurFilter                          0x08008a87   Thumb Code   118  picocap_app.o(i.SwitchCurFilter)
    SysTick_Handler                          0x08008afd   Thumb Code     8  stm32f0xx_it.o(i.SysTick_Handler)
    SystemClock_Config                       0x08008b05   Thumb Code   120  main.o(i.SystemClock_Config)
    SystemInit                               0x08008b7d   Thumb Code     2  system_stm32f0xx.o(i.SystemInit)
    TIM_Base_SetConfig                       0x08008d2d   Thumb Code   124  stm32f0xx_hal_tim.o(i.TIM_Base_SetConfig)
    TIM_CCxChannelCmd                        0x08008dc1   Thumb Code    26  stm32f0xx_hal_tim.o(i.TIM_CCxChannelCmd)
    TIM_DevObj_Init                          0x08008ddd   Thumb Code    20  tim_bsp.o(i.TIM_DevObj_Init)
    TIM_ETR_SetConfig                        0x08008e05   Thumb Code    22  stm32f0xx_hal_tim.o(i.TIM_ETR_SetConfig)
    TIM_OC2_SetConfig                        0x08008eb9   Thumb Code   122  stm32f0xx_hal_tim.o(i.TIM_OC2_SetConfig)
    UART_AdvFeatureConfig                    0x08009089   Thumb Code   202  stm32f0xx_hal_uart.o(i.UART_AdvFeatureConfig)
    UART_CheckIdleState                      0x08009155   Thumb Code    94  stm32f0xx_hal_uart.o(i.UART_CheckIdleState)
    UART_SetConfig                           0x080092b1   Thumb Code   436  stm32f0xx_hal_uart.o(i.UART_SetConfig)
    UART_WaitOnFlagUntilTimeout              0x08009489   Thumb Code   162  stm32f0xx_hal_uart.o(i.UART_WaitOnFlagUntilTimeout)
    USART1_IRQHandler                        0x0800952d   Thumb Code   130  usart_bsp.o(i.USART1_IRQHandler)
    __ARM_common_ll_muluu                    0x08009601   Thumb Code    48  stm32f0xx_hal_rcc.o(i.__ARM_common_ll_muluu)
    __ARM_common_switch8                     0x08009631   Thumb Code    26  usart_app.o(i.__ARM_common_switch8)
    main                                     0x08009691   Thumb Code   452  main.o(i.main)
    sqrt                                     0x08009885   Thumb Code    66  sqrt.o(i.sqrt)
    __aeabi_fadd                             0x080098cd   Thumb Code     0  faddsub.o(x$fpl$fadd)
    _fadd                                    0x080098cd   Thumb Code   134  faddsub.o(x$fpl$fadd)
    __aeabi_fmul                             0x08009959   Thumb Code     0  fmul.o(x$fpl$fmul)
    _fmul                                    0x08009959   Thumb Code   172  fmul.o(x$fpl$fmul)
    __aeabi_frsub                            0x08009a09   Thumb Code     0  faddsub.o(x$fpl$frsb)
    _frsb                                    0x08009a09   Thumb Code    24  faddsub.o(x$fpl$frsb)
    __aeabi_fsub                             0x08009a21   Thumb Code     0  faddsub.o(x$fpl$fsub)
    _fsub                                    0x08009a21   Thumb Code   204  faddsub.o(x$fpl$fsub)
    System_Param_Flag                        0x08009af0   Data           1  in_memory_app.o(.constdata)
    __I$use$fp                               0x08009af0   Number         0  usenofp.o(x$fpl$usenofp)
    Default_FilterFactor                     0x08009af4   Data           4  in_memory_app.o(.constdata)
    Default_ModBusBaseParam                  0x08009af8   Data          32  in_memory_app.o(.constdata)
    Default_DataConvert_Param                0x08009b18   Data          72  in_memory_app.o(.constdata)
    SRAM_DATA                                0x08009b60   Data         944  picocap.o(.constdata)
    REG                                      0x08009f10   Data          84  picocap.o(.constdata)
    Hardware_Version                         0x08009f64   Data           8  modbus_conf.o(.constdata)
    Software_Version                         0x08009f6c   Data           8  modbus_conf.o(.constdata)
    Customer_Code                            0x08009f74   Data           8  modbus_conf.o(.constdata)
    Company_Name                             0x08009f7c   Data          10  modbus_conf.o(.constdata)
    Product_Code                             0x08009f86   Data          21  modbus_conf.o(.constdata)
    Device_ID                                0x08009f9b   Data          12  modbus_conf.o(.constdata)
    AHBPrescTable                            0x08009fa7   Data          16  system_stm32f0xx.o(.constdata)
    APBPrescTable                            0x08009fb7   Data           8  system_stm32f0xx.o(.constdata)
    Region$$Table$$Base                      0x0800a080   Number         0  anon$$obj.o(Region$$Table)
    Region$$Table$$Limit                     0x0800a0a0   Number         0  anon$$obj.o(Region$$Table)
    VectorTable                              0x20000000   Data         192  main.o(.ARM.__AT_0x20000000)
    uwTickFreq                               0x200000ec   Data           1  stm32f0xx_hal.o(.data)
    uwTickPrio                               0x200000f0   Data           4  stm32f0xx_hal.o(.data)
    uwTick                                   0x200000f4   Data           4  stm32f0xx_hal.o(.data)
    SystemCoreClock                          0x200000f8   Data           4  system_stm32f0xx.o(.data)
    huart                                    0x20000ea4   Data         128  usart_bsp.o(.bss)
    tim_dev                                  0x20000fac   Data          24  tim_bsp.o(.bss)
    System_Param_Buf                         0x20001154   Data         109  modbus_conf.o(.bss)
    pFlash                                   0x200011c8   Data          32  stm32f0xx_hal_flash.o(.bss)
    __libspace_start                         0x200011e8   Data          96  libspace.o(.bss)
    __temporary_stack_top$libspace           0x20001248   Data           0  libspace.o(.bss)



==============================================================================

Memory Map of the image

  Image Entry point : 0x080030c1

  Load Region LR_IROM1 (Base: 0x08003000, Size: 0x000070dc, Max: 0x0000d000, ABSOLUTE)

    Execution Region ER_IROM1 (Exec base: 0x08003000, Load base: 0x08003000, Size: 0x000070a0, Max: 0x0000d000, ABSOLUTE)

    Exec Addr    Load Addr    Size         Type   Attr      Idx    E Section Name        Object

    0x08003000   0x08003000   0x000000c0   Data   RO            3    RESET               startup_stm32f072xb.o
    0x080030c0   0x080030c0   0x00000008   Code   RO         4621  * !!!main             c_p.l(__main.o)
    0x080030c8   0x080030c8   0x0000003c   Code   RO         4854    !!!scatter          c_p.l(__scatter.o)
    0x08003104   0x08003104   0x0000001a   Code   RO         4856    !!handler_copy      c_p.l(__scatter_copy.o)
    0x0800311e   0x0800311e   0x00000002   PAD
    0x08003120   0x08003120   0x0000001c   Code   RO         4858    !!handler_zi        c_p.l(__scatter_zi.o)
    0x0800313c   0x0800313c   0x00000002   Code   RO         4720    .ARM.Collect$$libinit$$00000000  c_p.l(libinit.o)
    0x0800313e   0x0800313e   0x00000000   Code   RO         4735    .ARM.Collect$$libinit$$00000002  c_p.l(libinit2.o)
    0x0800313e   0x0800313e   0x00000000   Code   RO         4737    .ARM.Collect$$libinit$$00000004  c_p.l(libinit2.o)
    0x0800313e   0x0800313e   0x00000000   Code   RO         4740    .ARM.Collect$$libinit$$0000000A  c_p.l(libinit2.o)
    0x0800313e   0x0800313e   0x00000000   Code   RO         4742    .ARM.Collect$$libinit$$0000000C  c_p.l(libinit2.o)
    0x0800313e   0x0800313e   0x00000000   Code   RO         4744    .ARM.Collect$$libinit$$0000000E  c_p.l(libinit2.o)
    0x0800313e   0x0800313e   0x00000000   Code   RO         4747    .ARM.Collect$$libinit$$00000011  c_p.l(libinit2.o)
    0x0800313e   0x0800313e   0x00000000   Code   RO         4749    .ARM.Collect$$libinit$$00000013  c_p.l(libinit2.o)
    0x0800313e   0x0800313e   0x00000000   Code   RO         4751    .ARM.Collect$$libinit$$00000015  c_p.l(libinit2.o)
    0x0800313e   0x0800313e   0x00000000   Code   RO         4753    .ARM.Collect$$libinit$$00000017  c_p.l(libinit2.o)
    0x0800313e   0x0800313e   0x00000000   Code   RO         4755    .ARM.Collect$$libinit$$00000019  c_p.l(libinit2.o)
    0x0800313e   0x0800313e   0x00000000   Code   RO         4757    .ARM.Collect$$libinit$$0000001B  c_p.l(libinit2.o)
    0x0800313e   0x0800313e   0x00000000   Code   RO         4759    .ARM.Collect$$libinit$$0000001D  c_p.l(libinit2.o)
    0x0800313e   0x0800313e   0x00000000   Code   RO         4761    .ARM.Collect$$libinit$$0000001F  c_p.l(libinit2.o)
    0x0800313e   0x0800313e   0x00000000   Code   RO         4763    .ARM.Collect$$libinit$$00000021  c_p.l(libinit2.o)
    0x0800313e   0x0800313e   0x00000000   Code   RO         4765    .ARM.Collect$$libinit$$00000023  c_p.l(libinit2.o)
    0x0800313e   0x0800313e   0x00000000   Code   RO         4767    .ARM.Collect$$libinit$$00000025  c_p.l(libinit2.o)
    0x0800313e   0x0800313e   0x00000000   Code   RO         4771    .ARM.Collect$$libinit$$0000002C  c_p.l(libinit2.o)
    0x0800313e   0x0800313e   0x00000000   Code   RO         4773    .ARM.Collect$$libinit$$0000002E  c_p.l(libinit2.o)
    0x0800313e   0x0800313e   0x00000000   Code   RO         4775    .ARM.Collect$$libinit$$00000030  c_p.l(libinit2.o)
    0x0800313e   0x0800313e   0x00000000   Code   RO         4777    .ARM.Collect$$libinit$$00000032  c_p.l(libinit2.o)
    0x0800313e   0x0800313e   0x00000002   Code   RO         4778    .ARM.Collect$$libinit$$00000033  c_p.l(libinit2.o)
    0x08003140   0x08003140   0x00000002   Code   RO         4811    .ARM.Collect$$libshutdown$$00000000  c_p.l(libshutdown.o)
    0x08003142   0x08003142   0x00000000   Code   RO         4837    .ARM.Collect$$libshutdown$$00000002  c_p.l(libshutdown2.o)
    0x08003142   0x08003142   0x00000000   Code   RO         4839    .ARM.Collect$$libshutdown$$00000004  c_p.l(libshutdown2.o)
    0x08003142   0x08003142   0x00000000   Code   RO         4842    .ARM.Collect$$libshutdown$$00000007  c_p.l(libshutdown2.o)
    0x08003142   0x08003142   0x00000000   Code   RO         4845    .ARM.Collect$$libshutdown$$0000000A  c_p.l(libshutdown2.o)
    0x08003142   0x08003142   0x00000000   Code   RO         4847    .ARM.Collect$$libshutdown$$0000000C  c_p.l(libshutdown2.o)
    0x08003142   0x08003142   0x00000000   Code   RO         4850    .ARM.Collect$$libshutdown$$0000000F  c_p.l(libshutdown2.o)
    0x08003142   0x08003142   0x00000002   Code   RO         4851    .ARM.Collect$$libshutdown$$00000010  c_p.l(libshutdown2.o)
    0x08003144   0x08003144   0x00000000   Code   RO         4663    .ARM.Collect$$rtentry$$00000000  c_p.l(__rtentry.o)
    0x08003144   0x08003144   0x00000000   Code   RO         4680    .ARM.Collect$$rtentry$$00000002  c_p.l(__rtentry2.o)
    0x08003144   0x08003144   0x00000006   Code   RO         4692    .ARM.Collect$$rtentry$$00000004  c_p.l(__rtentry4.o)
    0x0800314a   0x0800314a   0x00000000   Code   RO         4682    .ARM.Collect$$rtentry$$00000009  c_p.l(__rtentry2.o)
    0x0800314a   0x0800314a   0x00000004   Code   RO         4683    .ARM.Collect$$rtentry$$0000000A  c_p.l(__rtentry2.o)
    0x0800314e   0x0800314e   0x00000000   Code   RO         4685    .ARM.Collect$$rtentry$$0000000C  c_p.l(__rtentry2.o)
    0x0800314e   0x0800314e   0x00000008   Code   RO         4686    .ARM.Collect$$rtentry$$0000000D  c_p.l(__rtentry2.o)
    0x08003156   0x08003156   0x00000002   Code   RO         4726    .ARM.Collect$$rtexit$$00000000  c_p.l(rtexit.o)
    0x08003158   0x08003158   0x00000000   Code   RO         4784    .ARM.Collect$$rtexit$$00000002  c_p.l(rtexit2.o)
    0x08003158   0x08003158   0x00000004   Code   RO         4785    .ARM.Collect$$rtexit$$00000003  c_p.l(rtexit2.o)
    0x0800315c   0x0800315c   0x00000006   Code   RO         4786    .ARM.Collect$$rtexit$$00000004  c_p.l(rtexit2.o)
    0x08003162   0x08003162   0x00000002   PAD
    0x08003164   0x08003164   0x00000038   Code   RO         4609    .emb_text           c_p.l(rt_memcpy.o)
    0x0800319c   0x0800319c   0x00000034   Code   RO            4    .text               startup_stm32f072xb.o
    0x080031d0   0x080031d0   0x00000022   Code   RO         4605    .text               c_p.l(llushr.o)
    0x080031f2   0x080031f2   0x00000102   Code   RO         4607    .text               c_p.l(lludiv.o)
    0x080032f4   0x080032f4   0x00000082   Code   RO         4610    .text               c_p.l(rt_memcpy.o)
    0x08003376   0x08003376   0x00000040   Code   RO         4613    .text               c_p.l(rt_memclr.o)
    0x080033b6   0x080033b6   0x0000015a   Code   RO         4615    .text               c_p.l(aeabi_sdiv.o)
    0x08003510   0x08003510   0x00000006   Code   RO         4619    .text               c_p.l(heapauxi.o)
    0x08003516   0x08003516   0x00000002   PAD
    0x08003518   0x08003518   0x0000007c   Code   RO         4623    .text               fz_ps.l(d2f.o)
    0x08003594   0x08003594   0x00000358   Code   RO         4625    .text               fz_ps.l(daddsub.o)
    0x080038ec   0x080038ec   0x00000448   Code   RO         4627    .text               fz_ps.l(ddiv.o)
    0x08003d34   0x08003d34   0x00000048   Code   RO         4630    .text               fz_ps.l(dfixui.o)
    0x08003d7c   0x08003d7c   0x00000058   Code   RO         4632    .text               fz_ps.l(dflti.o)
    0x08003dd4   0x08003dd4   0x00000248   Code   RO         4634    .text               fz_ps.l(dmul.o)
    0x0800401c   0x0800401c   0x00000060   Code   RO         4636    .text               fz_ps.l(dscalbn.o)
    0x0800407c   0x0800407c   0x00000054   Code   RO         4638    .text               fz_ps.l(f2d.o)
    0x080040d0   0x080040d0   0x00000160   Code   RO         4646    .text               fz_ps.l(fdiv.o)
    0x08004230   0x08004230   0x00000030   Code   RO         4649    .text               fz_ps.l(ffixui.o)
    0x08004260   0x08004260   0x0000005e   Code   RO         4651    .text               fz_ps.l(fflti.o)
    0x080042be   0x080042be   0x00000016   Code   RO         4672    .text               c_p.l(_rserrno.o)
    0x080042d4   0x080042d4   0x00000100   Code   RO         4676    .text               fz_ps.l(dsqrt.o)
    0x080043d4   0x080043d4   0x00000008   Code   RO         4699    .text               c_p.l(rt_errno_addr_intlibspace.o)
    0x080043dc   0x080043dc   0x00000008   Code   RO         4703    .text               c_p.l(libspace.o)
    0x080043e4   0x080043e4   0x0000003e   Code   RO         4706    .text               c_p.l(sys_stackheap_outer.o)
    0x08004422   0x08004422   0x00000010   Code   RO         4709    .text               c_p.l(exit.o)
    0x08004432   0x08004432   0x00000002   PAD
    0x08004434   0x08004434   0x0000000c   Code   RO         4781    .text               c_p.l(sys_exit.o)
    0x08004440   0x08004440   0x00000002   Code   RO         4800    .text               c_p.l(use_no_semi.o)
    0x08004442   0x08004442   0x00000000   Code   RO         4802    .text               c_p.l(indicate_semi.o)
    0x08004442   0x08004442   0x00000002   PAD
    0x08004444   0x08004444   0x00000010   Code   RO          730    i.ADC1_COMP_IRQHandler  adc_bsp.o
    0x08004454   0x08004454   0x00000048   Code   RO          794    i.BSP_DAC_Convert   dac_bsp.o
    0x0800449c   0x0800449c   0x00000040   Code   RO          795    i.BSP_DAC_Init      dac_bsp.o
    0x080044dc   0x080044dc   0x0000002c   Code   RO          796    i.BSP_Get_DAC       dac_bsp.o
    0x08004508   0x08004508   0x00000034   Code   RO          840    i.BSP_IWDG_Init     iwdg_bsp.o
    0x0800453c   0x0800453c   0x00000010   Code   RO          841    i.BSP_IWDG_Refresh  iwdg_bsp.o
    0x0800454c   0x0800454c   0x0000004c   Code   RO          678    i.BSP_SPI_Init      spi_bsp.o
    0x08004598   0x08004598   0x00000024   Code   RO          680    i.BSP_SPI_Transmit  spi_bsp.o
    0x080045bc   0x080045bc   0x00000028   Code   RO          681    i.BSP_SPI_TransmitReceive  spi_bsp.o
    0x080045e4   0x080045e4   0x00000058   Code   RO          868    i.BSP_UART_CharMatch_Config  usart_bsp.o
    0x0800463c   0x0800463c   0x0000001c   Code   RO          869    i.BSP_UART_Receive_DMA  usart_bsp.o
    0x08004658   0x08004658   0x0000003c   Code   RO          870    i.BSP_UART_ReceiverTimeout_Config  usart_bsp.o
    0x08004694   0x08004694   0x0000001c   Code   RO          871    i.BSP_UART_Transmit_DMA  usart_bsp.o
    0x080046b0   0x080046b0   0x00000054   Code   RO          873    i.BSP_USART_UART_Init  usart_bsp.o
    0x08004704   0x08004704   0x00000020   Code   RO         1191    i.BankUp_Data       modbus_conf.o
    0x08004724   0x08004724   0x00000010   Code   RO          735    i.DMA1_Channel1_IRQHandler  adc_bsp.o
    0x08004734   0x08004734   0x00000018   Code   RO          874    i.DMA1_Channel2_3_IRQHandler  usart_bsp.o
    0x0800474c   0x0800474c   0x00000024   Code   RO         1969    i.DMA_CalcBaseAndBitshift  stm32f0xx_hal_dma.o
    0x08004770   0x08004770   0x0000002a   Code   RO         1970    i.DMA_SetConfig     stm32f0xx_hal_dma.o
    0x0800479a   0x0800479a   0x0000000e   Code   RO          375    i.DataConvertParam_Init  picocap_app.o
    0x080047a8   0x080047a8   0x00000034   Code   RO          376    i.DataFilterParam_Init  picocap_app.o
    0x080047dc   0x080047dc   0x00000002   Code   RO           12    i.Error_Handler     main.o
    0x080047de   0x080047de   0x00000002   PAD
    0x080047e0   0x080047e0   0x00000024   Code   RO         2412    i.FLASH_MassErase   stm32f0xx_hal_flash_ex.o
    0x08004804   0x08004804   0x00000024   Code   RO         2421    i.FLASH_PageErase   stm32f0xx_hal_flash_ex.o
    0x08004828   0x08004828   0x00000020   Code   RO         2313    i.FLASH_Program_HalfWord  stm32f0xx_hal_flash.o
    0x08004848   0x08004848   0x00000038   Code   RO         2314    i.FLASH_SetErrorCode  stm32f0xx_hal_flash.o
    0x08004880   0x08004880   0x00000050   Code   RO         2315    i.FLASH_WaitForLastOperation  stm32f0xx_hal_flash.o
    0x080048d0   0x080048d0   0x00000020   Code   RO         1192    i.Factory_Data_Reset  modbus_conf.o
    0x080048f0   0x080048f0   0x00000038   Code   RO          447    i.GetAverage        typeconvert.o
    0x08004928   0x08004928   0x00000024   Code   RO          448    i.GetDelExtremeAndAverage  typeconvert.o
    0x0800494c   0x0800494c   0x00000002   Code   RO         1353    i.HAL_ADC_ConvCpltCallback  stm32f0xx_hal_adc.o
    0x0800494e   0x0800494e   0x00000002   Code   RO         1356    i.HAL_ADC_ErrorCallback  stm32f0xx_hal_adc.o
    0x08004950   0x08004950   0x000000d0   Code   RO         1360    i.HAL_ADC_IRQHandler  stm32f0xx_hal_adc.o
    0x08004a20   0x08004a20   0x00000002   Code   RO         1362    i.HAL_ADC_LevelOutOfWindowCallback  stm32f0xx_hal_adc.o
    0x08004a22   0x08004a22   0x00000002   PAD
    0x08004a24   0x08004a24   0x00000038   Code   RO         2718    i.HAL_DAC_ConfigChannel  stm32f0xx_hal_dac_ex.o
    0x08004a5c   0x08004a5c   0x0000000e   Code   RO         2719    i.HAL_DAC_GetValue  stm32f0xx_hal_dac_ex.o
    0x08004a6a   0x08004a6a   0x0000002c   Code   RO         2592    i.HAL_DAC_Init      stm32f0xx_hal_dac.o
    0x08004a96   0x08004a96   0x00000002   PAD
    0x08004a98   0x08004a98   0x0000004c   Code   RO          798    i.HAL_DAC_MspInit   dac_bsp.o
    0x08004ae4   0x08004ae4   0x00000020   Code   RO         2595    i.HAL_DAC_SetValue  stm32f0xx_hal_dac.o
    0x08004b04   0x08004b04   0x00000056   Code   RO         2721    i.HAL_DAC_Start     stm32f0xx_hal_dac_ex.o
    0x08004b5a   0x08004b5a   0x000000aa   Code   RO         1976    i.HAL_DMA_IRQHandler  stm32f0xx_hal_dma.o
    0x08004c04   0x08004c04   0x00000050   Code   RO         1977    i.HAL_DMA_Init      stm32f0xx_hal_dma.o
    0x08004c54   0x08004c54   0x00000072   Code   RO         1981    i.HAL_DMA_Start_IT  stm32f0xx_hal_dma.o
    0x08004cc6   0x08004cc6   0x00000002   PAD
    0x08004cc8   0x08004cc8   0x00000024   Code   RO         1726    i.HAL_Delay         stm32f0xx_hal.o
    0x08004cec   0x08004cec   0x000000a0   Code   RO         2422    i.HAL_FLASHEx_Erase  stm32f0xx_hal_flash_ex.o
    0x08004d8c   0x08004d8c   0x00000014   Code   RO         2319    i.HAL_FLASH_Lock    stm32f0xx_hal_flash.o
    0x08004da0   0x08004da0   0x00000084   Code   RO         2324    i.HAL_FLASH_Program  stm32f0xx_hal_flash.o
    0x08004e24   0x08004e24   0x00000028   Code   RO         2326    i.HAL_FLASH_Unlock  stm32f0xx_hal_flash.o
    0x08004e4c   0x08004e4c   0x00000158   Code   RO         1910    i.HAL_GPIO_Init     stm32f0xx_hal_gpio.o
    0x08004fa4   0x08004fa4   0x0000000c   Code   RO         1914    i.HAL_GPIO_WritePin  stm32f0xx_hal_gpio.o
    0x08004fb0   0x08004fb0   0x0000000c   Code   RO         1730    i.HAL_GetTick       stm32f0xx_hal.o
    0x08004fbc   0x08004fbc   0x00000064   Code   RO         2829    i.HAL_IWDG_Init     stm32f0xx_hal_iwdg.o
    0x08005020   0x08005020   0x00000010   Code   RO         2830    i.HAL_IWDG_Refresh  stm32f0xx_hal_iwdg.o
    0x08005030   0x08005030   0x00000010   Code   RO         1736    i.HAL_IncTick       stm32f0xx_hal.o
    0x08005040   0x08005040   0x00000020   Code   RO         1737    i.HAL_Init          stm32f0xx_hal.o
    0x08005060   0x08005060   0x00000048   Code   RO         1738    i.HAL_InitTick      stm32f0xx_hal.o
    0x080050a8   0x080050a8   0x00000028   Code   RO          259    i.HAL_MspInit       stm32f0xx_hal_msp.o
    0x080050d0   0x080050d0   0x00000018   Code   RO         2067    i.HAL_NVIC_EnableIRQ  stm32f0xx_hal_cortex.o
    0x080050e8   0x080050e8   0x00000008   Code   RO         2071    i.HAL_NVIC_SetPriority  stm32f0xx_hal_cortex.o
    0x080050f0   0x080050f0   0x0000001c   Code   RO         2072    i.HAL_NVIC_SystemReset  stm32f0xx_hal_cortex.o
    0x0800510c   0x0800510c   0x00000124   Code   RO         1646    i.HAL_RCCEx_PeriphCLKConfig  stm32f0xx_hal_rcc_ex.o
    0x08005230   0x08005230   0x0000012c   Code   RO         1542    i.HAL_RCC_ClockConfig  stm32f0xx_hal_rcc.o
    0x0800535c   0x0800535c   0x0000000c   Code   RO         1547    i.HAL_RCC_GetHCLKFreq  stm32f0xx_hal_rcc.o
    0x08005368   0x08005368   0x00000020   Code   RO         1549    i.HAL_RCC_GetPCLK1Freq  stm32f0xx_hal_rcc.o
    0x08005388   0x08005388   0x000000bc   Code   RO         1550    i.HAL_RCC_GetSysClockFreq  stm32f0xx_hal_rcc.o
    0x08005444   0x08005444   0x000004a2   Code   RO         1553    i.HAL_RCC_OscConfig  stm32f0xx_hal_rcc.o
    0x080058e6   0x080058e6   0x000000ba   Code   RO         4239    i.HAL_SPI_Init      stm32f0xx_hal_spi.o
    0x080059a0   0x080059a0   0x00000088   Code   RO          683    i.HAL_SPI_MspInit   spi_bsp.o
    0x08005a28   0x08005a28   0x000001b8   Code   RO         4247    i.HAL_SPI_Transmit  stm32f0xx_hal_spi.o
    0x08005be0   0x08005be0   0x00000272   Code   RO         4248    i.HAL_SPI_TransmitReceive  stm32f0xx_hal_spi.o
    0x08005e52   0x08005e52   0x00000002   PAD
    0x08005e54   0x08005e54   0x00000030   Code   RO         2075    i.HAL_SYSTICK_Config  stm32f0xx_hal_cortex.o
    0x08005e84   0x08005e84   0x00000060   Code   RO         3569    i.HAL_TIMEx_MasterConfigSynchronization  stm32f0xx_hal_tim_ex.o
    0x08005ee4   0x08005ee4   0x00000036   Code   RO         2857    i.HAL_TIM_Base_Init  stm32f0xx_hal_tim.o
    0x08005f1a   0x08005f1a   0x00000002   PAD
    0x08005f1c   0x08005f1c   0x00000068   Code   RO          961    i.HAL_TIM_Base_MspInit  tim_bsp.o
    0x08005f84   0x08005f84   0x000000dc   Code   RO         2866    i.HAL_TIM_ConfigClockSource  stm32f0xx_hal_tim.o
    0x08006060   0x08006060   0x00000078   Code   RO          962    i.HAL_TIM_MspPostInit  tim_bsp.o
    0x080060d8   0x080060d8   0x000000e0   Code   RO         2926    i.HAL_TIM_PWM_ConfigChannel  stm32f0xx_hal_tim.o
    0x080061b8   0x080061b8   0x00000036   Code   RO         2929    i.HAL_TIM_PWM_Init  stm32f0xx_hal_tim.o
    0x080061ee   0x080061ee   0x00000002   Code   RO         2931    i.HAL_TIM_PWM_MspInit  stm32f0xx_hal_tim.o
    0x080061f0   0x080061f0   0x00000058   Code   RO         2934    i.HAL_TIM_PWM_Start  stm32f0xx_hal_tim.o
    0x08006248   0x08006248   0x0000003c   Code   RO          279    i.HAL_UART_CMatchCallback  usart_app.o
    0x08006284   0x08006284   0x00000002   Code   RO         3822    i.HAL_UART_ErrorCallback  stm32f0xx_hal_uart.o
    0x08006286   0x08006286   0x00000070   Code   RO         3826    i.HAL_UART_Init     stm32f0xx_hal_uart.o
    0x080062f6   0x080062f6   0x00000002   PAD
    0x080062f8   0x080062f8   0x000000fc   Code   RO          877    i.HAL_UART_MspInit  usart_bsp.o
    0x080063f4   0x080063f4   0x000000c0   Code   RO         3830    i.HAL_UART_Receive_DMA  stm32f0xx_hal_uart.o
    0x080064b4   0x080064b4   0x0000000c   Code   RO          280    i.HAL_UART_RxCpltCallback  usart_app.o
    0x080064c0   0x080064c0   0x00000002   Code   RO         3834    i.HAL_UART_RxHalfCpltCallback  stm32f0xx_hal_uart.o
    0x080064c2   0x080064c2   0x00000002   PAD
    0x080064c4   0x080064c4   0x0000003c   Code   RO          281    i.HAL_UART_RxTimoCallback  usart_app.o
    0x08006500   0x08006500   0x000000b4   Code   RO         3836    i.HAL_UART_Transmit_DMA  stm32f0xx_hal_uart.o
    0x080065b4   0x080065b4   0x0000001c   Code   RO          282    i.HAL_UART_TxCpltCallback  usart_app.o
    0x080065d0   0x080065d0   0x00000002   Code   RO         3839    i.HAL_UART_TxHalfCpltCallback  stm32f0xx_hal_uart.o
    0x080065d2   0x080065d2   0x00000002   Code   RO          212    i.HardFault_Handler  stm32f0xx_it.o
    0x080065d4   0x080065d4   0x00000016   Code   RO          449    i.HexToFloat        typeconvert.o
    0x080065ea   0x080065ea   0x00000002   PAD
    0x080065ec   0x080065ec   0x00000030   Code   RO          544    i.InFlash_Erase_Page  in_flash.o
    0x0800661c   0x0800661c   0x00000020   Code   RO          545    i.InFlash_Read_MultiBytes  in_flash.o
    0x0800663c   0x0800663c   0x0000000c   Code   RO          546    i.InFlash_Read_OneByte  in_flash.o
    0x08006648   0x08006648   0x000000e8   Code   RO          547    i.InFlash_Write_MultiBytes  in_flash.o
    0x08006730   0x08006730   0x000000b4   Code   RO          548    i.InFlash_Write_OneByte  in_flash.o
    0x080067e4   0x080067e4   0x00000008   Code   RO          491    i.InMemory_Read_MultiBytes  in_memory_app.o
    0x080067ec   0x080067ec   0x00000008   Code   RO          492    i.InMemory_Read_OneByte  in_memory_app.o
    0x080067f4   0x080067f4   0x00000084   Code   RO          493    i.InMemory_SystemParam_Check  in_memory_app.o
    0x08006878   0x08006878   0x00000034   Code   RO          494    i.InMemory_Write2T_MultiBytes  in_memory_app.o
    0x080068ac   0x080068ac   0x00000008   Code   RO          495    i.InMemory_Write_MultiBytes  in_memory_app.o
    0x080068b4   0x080068b4   0x00000008   Code   RO          496    i.InMemory_Write_OneByte  in_memory_app.o
    0x080068bc   0x080068bc   0x00000078   Code   RO         1193    i.MB_CapDAOut_Calibration  modbus_conf.o
    0x08006934   0x08006934   0x00000094   Code   RO         1194    i.MB_CapPWMOut_Calibration  modbus_conf.o
    0x080069c8   0x080069c8   0x0000003c   Code   RO         1195    i.MB_Cap_Calibration  modbus_conf.o
    0x08006a04   0x08006a04   0x00000008   Code   RO         1196    i.MB_Freeze         modbus_conf.o
    0x08006a0c   0x08006a0c   0x00000010   Code   RO         1197    i.MB_SendData_NoCheck  modbus_conf.o
    0x08006a1c   0x08006a1c   0x00000012   Code   RO         1198    i.MB_System_Reset   modbus_conf.o
    0x08006a2e   0x08006a2e   0x00000018   Code   RO         1199    i.MB_USART_ReInit   modbus_conf.o
    0x08006a46   0x08006a46   0x00000028   Code   RO         1127    i.MODBUS_ASCII_AsciiPacketToRtuPacket  modbus_ascii.o
    0x08006a6e   0x08006a6e   0x00000040   Code   RO         1128    i.MODBUS_ASCII_AsciiToHex  modbus_ascii.o
    0x08006aae   0x08006aae   0x00000032   Code   RO         1129    i.MODBUS_ASCII_CheckAscii  modbus_ascii.o
    0x08006ae0   0x08006ae0   0x00000024   Code   RO         1130    i.MODBUS_ASCII_HexToAscii  modbus_ascii.o
    0x08006b04   0x08006b04   0x00000070   Code   RO         1131    i.MODBUS_ASCII_RecvData  modbus_ascii.o
    0x08006b74   0x08006b74   0x00000026   Code   RO         1132    i.MODBUS_ASCII_RtuPacketToAsciiPacket  modbus_ascii.o
    0x08006b9a   0x08006b9a   0x00000002   PAD
    0x08006b9c   0x08006b9c   0x00000080   Code   RO         1133    i.MODBUS_ASCII_SendData  modbus_ascii.o
    0x08006c1c   0x08006c1c   0x0000001c   Code   RO         1134    i.MODBUS_GetLrc     modbus_ascii.o
    0x08006c38   0x08006c38   0x0000002c   Code   RO         1024    i.ModBus_Init       modbus.o
    0x08006c64   0x08006c64   0x00000050   Code   RO         1200    i.ModBus_ReadPreHandle  modbus_conf.o
    0x08006cb4   0x08006cb4   0x00000050   Code   RO         1201    i.ModBus_WritePreHandle  modbus_conf.o
    0x08006d04   0x08006d04   0x0000006e   Code   RO         1202    i.ModbusAutoUpload  modbus_conf.o
    0x08006d72   0x08006d72   0x00000002   PAD
    0x08006d74   0x08006d74   0x0000017c   Code   RO         1203    i.ModbusFunc03      modbus_conf.o
    0x08006ef0   0x08006ef0   0x0000010a   Code   RO         1204    i.ModbusFunc04      modbus_conf.o
    0x08006ffa   0x08006ffa   0x00000002   PAD
    0x08006ffc   0x08006ffc   0x00000110   Code   RO         1205    i.ModbusFunc05      modbus_conf.o
    0x0800710c   0x0800710c   0x00000230   Code   RO         1206    i.ModbusFunc10      modbus_conf.o
    0x0800733c   0x0800733c   0x000001cc   Code   RO         1207    i.ModbusFunc25      modbus_conf.o
    0x08007508   0x08007508   0x000001f6   Code   RO         1208    i.ModbusFunc26      modbus_conf.o
    0x080076fe   0x080076fe   0x00000002   PAD
    0x08007700   0x08007700   0x00000508   Code   RO         1209    i.ModbusFunc27      modbus_conf.o
    0x08007c08   0x08007c08   0x00000002   Code   RO         1033    i.ModbusFunc2A      modbus.o
    0x08007c0a   0x08007c0a   0x00000002   PAD
    0x08007c0c   0x08007c0c   0x00000164   Code   RO         1210    i.ModbusFunc2B      modbus_conf.o
    0x08007d70   0x08007d70   0x00000074   Code   RO         1211    i.ModbusFunc41      modbus_conf.o
    0x08007de4   0x08007de4   0x000000ea   Code   RO         1036    i.ModbusHandle      modbus.o
    0x08007ece   0x08007ece   0x00000002   Code   RO          213    i.NMI_Handler       stm32f0xx_it.o
    0x08007ed0   0x08007ed0   0x00000038   Code   RO          591    i.PCap_Enable       picocap.o
    0x08007f08   0x08007f08   0x00000058   Code   RO          377    i.PCap_GetTemp      picocap_app.o
    0x08007f60   0x08007f60   0x00000054   Code   RO          592    i.PCap_Init         picocap.o
    0x08007fb4   0x08007fb4   0x0000002c   Code   RO          593    i.PCap_Measure      picocap.o
    0x08007fe0   0x08007fe0   0x0000004c   Code   RO          594    i.PCap_NSS_Config   picocap.o
    0x0800802c   0x0800802c   0x0000002c   Code   RO          595    i.PCap_PTL_Reset    picocap.o
    0x08008058   0x08008058   0x00000050   Code   RO          596    i.PCap_Reg_Config   picocap.o
    0x080080a8   0x080080a8   0x0000004c   Code   RO          597    i.PCap_Res_Data     picocap.o
    0x080080f4   0x080080f4   0x00000048   Code   RO          598    i.PCap_Res_Sta      picocap.o
    0x0800813c   0x0800813c   0x0000002c   Code   RO          599    i.PCap_Reset        picocap.o
    0x08008168   0x08008168   0x000000b4   Code   RO          600    i.PCap_WR_SRAM      picocap.o
    0x0800821c   0x0800821c   0x00000002   Code   RO          214    i.PendSV_Handler    stm32f0xx_it.o
    0x0800821e   0x0800821e   0x00000066   Code   RO         4277    i.SPI_EndRxTxTransaction  stm32f0xx_hal_spi.o
    0x08008284   0x08008284   0x00000090   Code   RO         4282    i.SPI_WaitFifoStateUntilTimeout  stm32f0xx_hal_spi.o
    0x08008314   0x08008314   0x0000008c   Code   RO         4283    i.SPI_WaitFlagStateUntilTimeout  stm32f0xx_hal_spi.o
    0x080083a0   0x080083a0   0x00000002   Code   RO          215    i.SVC_Handler       stm32f0xx_it.o
    0x080083a2   0x080083a2   0x00000028   Code   RO         1037    i.Send_Data         modbus.o
    0x080083ca   0x080083ca   0x00000002   PAD
    0x080083cc   0x080083cc   0x00000190   Code   RO          378    i.Sensor_DataFilter  picocap_app.o
    0x0800855c   0x0800855c   0x0000016a   Code   RO          379    i.Sensor_PCap_DA_Convert  picocap_app.o
    0x080086c6   0x080086c6   0x00000002   PAD
    0x080086c8   0x080086c8   0x000000a0   Code   RO          380    i.Sensor_PCap_DataConvert  picocap_app.o
    0x08008768   0x08008768   0x00000038   Code   RO          381    i.Sensor_PCap_GetResult  picocap_app.o
    0x080087a0   0x080087a0   0x00000182   Code   RO          382    i.Sensor_PCap_PWM_Convert  picocap_app.o
    0x08008922   0x08008922   0x00000002   PAD
    0x08008924   0x08008924   0x0000000c   Code   RO          283    i.Sensor_USART_Clear_RX_Updata_Flag  usart_app.o
    0x08008930   0x08008930   0x0000000c   Code   RO          284    i.Sensor_USART_Clear_TX_Cplt_Flag  usart_app.o
    0x0800893c   0x0800893c   0x00000054   Code   RO          285    i.Sensor_USART_GetReceData  usart_app.o
    0x08008990   0x08008990   0x0000000c   Code   RO          288    i.Sensor_USART_Get_RX_Updata_Flag  usart_app.o
    0x0800899c   0x0800899c   0x0000000c   Code   RO          289    i.Sensor_USART_Get_TX_Cplt_Flag  usart_app.o
    0x080089a8   0x080089a8   0x0000007c   Code   RO          290    i.Sensor_USART_Init  usart_app.o
    0x08008a24   0x08008a24   0x00000062   Code   RO          451    i.SortArrayExtreme  typeconvert.o
    0x08008a86   0x08008a86   0x00000076   Code   RO          383    i.SwitchCurFilter   picocap_app.o
    0x08008afc   0x08008afc   0x00000008   Code   RO          216    i.SysTick_Handler   stm32f0xx_it.o
    0x08008b04   0x08008b04   0x00000078   Code   RO           13    i.SystemClock_Config  main.o
    0x08008b7c   0x08008b7c   0x00000002   Code   RO         4572    i.SystemInit        system_stm32f0xx.o
    0x08008b7e   0x08008b7e   0x00000002   PAD
    0x08008b80   0x08008b80   0x00000060   Code   RO          963    i.TIM3_PWM_Get      tim_bsp.o
    0x08008be0   0x08008be0   0x000000a4   Code   RO          964    i.TIM3_PWM_Init     tim_bsp.o
    0x08008c84   0x08008c84   0x00000098   Code   RO          965    i.TIM3_PWM_Set      tim_bsp.o
    0x08008d1c   0x08008d1c   0x00000010   Code   RO          966    i.TIM3_PWM_Start    tim_bsp.o
    0x08008d2c   0x08008d2c   0x00000094   Code   RO         2947    i.TIM_Base_SetConfig  stm32f0xx_hal_tim.o
    0x08008dc0   0x08008dc0   0x0000001a   Code   RO         2948    i.TIM_CCxChannelCmd  stm32f0xx_hal_tim.o
    0x08008dda   0x08008dda   0x00000002   PAD
    0x08008ddc   0x08008ddc   0x00000028   Code   RO          967    i.TIM_DevObj_Init   tim_bsp.o
    0x08008e04   0x08008e04   0x00000016   Code   RO         2958    i.TIM_ETR_SetConfig  stm32f0xx_hal_tim.o
    0x08008e1a   0x08008e1a   0x00000010   Code   RO         2959    i.TIM_ITRx_SetConfig  stm32f0xx_hal_tim.o
    0x08008e2a   0x08008e2a   0x00000002   PAD
    0x08008e2c   0x08008e2c   0x0000008c   Code   RO         2960    i.TIM_OC1_SetConfig  stm32f0xx_hal_tim.o
    0x08008eb8   0x08008eb8   0x0000008c   Code   RO         2961    i.TIM_OC2_SetConfig  stm32f0xx_hal_tim.o
    0x08008f44   0x08008f44   0x00000088   Code   RO         2962    i.TIM_OC3_SetConfig  stm32f0xx_hal_tim.o
    0x08008fcc   0x08008fcc   0x00000074   Code   RO         2963    i.TIM_OC4_SetConfig  stm32f0xx_hal_tim.o
    0x08009040   0x08009040   0x00000022   Code   RO         2965    i.TIM_TI1_ConfigInputStage  stm32f0xx_hal_tim.o
    0x08009062   0x08009062   0x00000026   Code   RO         2967    i.TIM_TI2_ConfigInputStage  stm32f0xx_hal_tim.o
    0x08009088   0x08009088   0x000000ca   Code   RO         3840    i.UART_AdvFeatureConfig  stm32f0xx_hal_uart.o
    0x08009152   0x08009152   0x00000002   PAD
    0x08009154   0x08009154   0x00000064   Code   RO         3841    i.UART_CheckIdleState  stm32f0xx_hal_uart.o
    0x080091b8   0x080091b8   0x00000048   Code   RO         3843    i.UART_DMAError     stm32f0xx_hal_uart.o
    0x08009200   0x08009200   0x0000003c   Code   RO         3844    i.UART_DMAReceiveCplt  stm32f0xx_hal_uart.o
    0x0800923c   0x0800923c   0x0000000a   Code   RO         3846    i.UART_DMARxHalfCplt  stm32f0xx_hal_uart.o
    0x08009246   0x08009246   0x0000002e   Code   RO         3848    i.UART_DMATransmitCplt  stm32f0xx_hal_uart.o
    0x08009274   0x08009274   0x0000000a   Code   RO         3850    i.UART_DMATxHalfCplt  stm32f0xx_hal_uart.o
    0x0800927e   0x0800927e   0x00000020   Code   RO         3852    i.UART_EndRxTransfer  stm32f0xx_hal_uart.o
    0x0800929e   0x0800929e   0x00000010   Code   RO         3854    i.UART_EndTxTransfer  stm32f0xx_hal_uart.o
    0x080092ae   0x080092ae   0x00000002   PAD
    0x080092b0   0x080092b0   0x000001d8   Code   RO         3857    i.UART_SetConfig    stm32f0xx_hal_uart.o
    0x08009488   0x08009488   0x000000a2   Code   RO         3860    i.UART_WaitOnFlagUntilTimeout  stm32f0xx_hal_uart.o
    0x0800952a   0x0800952a   0x00000002   PAD
    0x0800952c   0x0800952c   0x00000088   Code   RO          879    i.USART1_IRQHandler  usart_bsp.o
    0x080095b4   0x080095b4   0x0000004c   Code   RO          291    i._485_RE_DE_GPIO_Init  usart_app.o
    0x08009600   0x08009600   0x00000030   Code   RO         1628    i.__ARM_common_ll_muluu  stm32f0xx_hal_rcc.o
    0x08009630   0x08009630   0x0000001a   Code   RO          368    i.__ARM_common_switch8  usart_app.o
    0x0800964a   0x0800964a   0x00000002   PAD
    0x0800964c   0x0800964c   0x00000044   Code   RO         2077    i.__NVIC_SetPriority  stm32f0xx_hal_cortex.o
    0x08009690   0x08009690   0x000001f4   Code   RO           14    i.main              main.o
    0x08009884   0x08009884   0x00000048   Code   RO         4656    i.sqrt              m_ps.l(sqrt.o)
    0x080098cc   0x080098cc   0x0000008c   Code   RO         4640    x$fpl$fadd          fz_ps.l(faddsub.o)
    0x08009958   0x08009958   0x000000b0   Code   RO         4653    x$fpl$fmul          fz_ps.l(fmul.o)
    0x08009a08   0x08009a08   0x00000018   Code   RO         4641    x$fpl$frsb          fz_ps.l(faddsub.o)
    0x08009a20   0x08009a20   0x000000d0   Code   RO         4642    x$fpl$fsub          fz_ps.l(faddsub.o)
    0x08009af0   0x08009af0   0x00000000   Code   RO         4678    x$fpl$usenofp       fz_ps.l(usenofp.o)
    0x08009af0   0x08009af0   0x00000070   Data   RO          497    .constdata          in_memory_app.o
    0x08009b60   0x08009b60   0x00000404   Data   RO          601    .constdata          picocap.o
    0x08009f64   0x08009f64   0x00000043   Data   RO         1213    .constdata          modbus_conf.o
    0x08009fa7   0x08009fa7   0x00000010   Data   RO         4573    .constdata          system_stm32f0xx.o
    0x08009fb7   0x08009fb7   0x00000008   Data   RO         4574    .constdata          system_stm32f0xx.o
    0x08009fbf   0x08009fbf   0x00000080   Data   RO         4628    .constdata          fz_ps.l(ddiv.o)
    0x0800a03f   0x0800a03f   0x00000040   Data   RO         4647    .constdata          fz_ps.l(fdiv.o)
    0x0800a07f   0x0800a07f   0x00000001   PAD
    0x0800a080   0x0800a080   0x00000020   Data   RO         4852    Region$$Table       anon$$obj.o


    Execution Region RW_IRAM1 (Exec base: 0x200000c0, Load base: 0x0800a0a0, Size: 0x00001588, Max: 0x00003f40, ABSOLUTE)

    Exec Addr    Load Addr    Size         Type   Attr      Idx    E Section Name        Object

    0x200000c0   0x0800a0a0   0x00000008   Data   RW          293    .data               usart_app.o
    0x200000c8   0x0800a0a8   0x00000001   Data   RW          385    .data               picocap_app.o
    0x200000c9   0x0800a0a9   0x00000003   PAD
    0x200000cc   0x0800a0ac   0x00000020   Data   RW         1214    .data               modbus_conf.o
    0x200000ec   0x0800a0cc   0x0000000c   Data   RW         1744    .data               stm32f0xx_hal.o
    0x200000f8   0x0800a0d8   0x00000004   Data   RW         4575    .data               system_stm32f0xx.o
    0x200000fc        -       0x000000a0   Zero   RW           16    .bss                main.o
    0x2000019c        -       0x00000080   Zero   RW          292    .bss                usart_app.o
    0x2000021c        -       0x00000378   Zero   RW          384    .bss                picocap_app.o
    0x20000594   0x0800a0dc   0x00000004   PAD
    0x20000598        -       0x00000800   Zero   RW          549    .bss                in_flash.o
    0x20000d98        -       0x00000064   Zero   RW          684    .bss                spi_bsp.o
    0x20000dfc        -       0x00000084   Zero   RW          738    .bss                adc_bsp.o
    0x20000e80        -       0x00000014   Zero   RW          799    .bss                dac_bsp.o
    0x20000e94        -       0x00000010   Zero   RW          842    .bss                iwdg_bsp.o
    0x20000ea4        -       0x00000108   Zero   RW          880    .bss                usart_bsp.o
    0x20000fac        -       0x00000058   Zero   RW          968    .bss                tim_bsp.o
    0x20001004        -       0x00000100   Zero   RW         1038    .bss                modbus.o
    0x20001104        -       0x00000050   Zero   RW         1135    .bss                modbus_ascii.o
    0x20001154        -       0x0000006d   Zero   RW         1212    .bss                modbus_conf.o
    0x200011c1   0x0800a0dc   0x00000007   PAD
    0x200011c8        -       0x00000020   Zero   RW         2327    .bss                stm32f0xx_hal_flash.o
    0x200011e8        -       0x00000060   Zero   RW         4704    .bss                c_p.l(libspace.o)
    0x20001248        -       0x00000000   Zero   RW            2    HEAP                startup_stm32f072xb.o
    0x20001248        -       0x00000400   Zero   RW            1    STACK               startup_stm32f072xb.o



  Load Region LR$$.ARM.__AT_0x20000000 (Base: 0x20000000, Size: 0x00000000, Max: 0x000000c0, ABSOLUTE)

    Execution Region ER$$.ARM.__AT_0x20000000 (Exec base: 0x20000000, Load base: 0x20000000, Size: 0x000000c0, Max: 0x000000c0, ABSOLUTE, UNINIT)

    Exec Addr    Load Addr    Size         Type   Attr      Idx    E Section Name        Object

    0x20000000        -       0x000000c0   Zero   RW           15    .ARM.__AT_0x20000000  main.o


==============================================================================

Image component sizes


      Code (inc. data)   RO Data    RW Data    ZI Data      Debug   Object Name

        32         12          0          0        132       1150   adc_bsp.o
       256         26          0          0         20       2961   dac_bsp.o
       504         26          0          0       2048       4681   in_flash.o
       216          8        112          0          0       4522   in_memory_app.o
        68         24          0          0         16       1115   iwdg_bsp.o
       622         48          0          0        352     527518   main.o
       320          6          0          0        256       2960   modbus.o
       496          6          0          0         80       6642   modbus_ascii.o
      4928        212         67         32        109      19887   modbus_conf.o
       756         18       1028          0          0       6187   picocap.o
      1636         68          0          1        888       8365   picocap_app.o
       288         38          0          0        100       2962   spi_bsp.o
        52         22        192          0       1024        644   startup_stm32f072xb.o
       168         30          0         12          0       8577   stm32f0xx_hal.o
       214          0          0          0          0       2979   stm32f0xx_hal_adc.o
       176         34          0          0          0      10968   stm32f0xx_hal_cortex.o
        76          0          0          0          0       1826   stm32f0xx_hal_dac.o
       156          4          0          0          0       2619   stm32f0xx_hal_dac_ex.o
       442         14          0          0          0       4207   stm32f0xx_hal_dma.o
       360         54          0          0         32       4342   stm32f0xx_hal_flash.o
       232         30          0          0          0       2487   stm32f0xx_hal_flash_ex.o
       356         30          0          0          0       2348   stm32f0xx_hal_gpio.o
       116         18          0          0          0       1735   stm32f0xx_hal_iwdg.o
        40          6          0          0          0        810   stm32f0xx_hal_msp.o
      1766         96          0          0          0       6145   stm32f0xx_hal_rcc.o
       292         12          0          0          0       1584   stm32f0xx_hal_rcc_ex.o
      1638          0          0          0          0       7284   stm32f0xx_hal_spi.o
      1458        108          0          0          0      12446   stm32f0xx_hal_tim.o
        96         12          0          0          0       1336   stm32f0xx_hal_tim_ex.o
      1672         68          0          0          0      12697   stm32f0xx_hal_uart.o
        16          0          0          0          0       2119   stm32f0xx_it.o
         2          0         24          4          0       1111   system_stm32f0xx.o
       692         66          0          0         88       5529   tim_bsp.o
       212          0          0          0          0       3247   typeconvert.o
       518         68          0          8        128       6867   usart_app.o
       700         56          0          0        264      23639   usart_bsp.o

    ----------------------------------------------------------------------
     21620       1220       1455         60       5548     716496   Object Totals
         0          0         32          0          0          0   (incl. Generated)
        48          0          0          3         11          0   (incl. Padding)

    ----------------------------------------------------------------------

      Code (inc. data)   RO Data    RW Data    ZI Data      Debug   Library Member Name

         8          0          0          0          0         68   __main.o
         0          0          0          0          0          0   __rtentry.o
        12          0          0          0          0          0   __rtentry2.o
         6          0          0          0          0          0   __rtentry4.o
        60          8          0          0          0          0   __scatter.o
        26          0          0          0          0          0   __scatter_copy.o
        28          0          0          0          0          0   __scatter_zi.o
        22          0          0          0          0         92   _rserrno.o
       346          0          0          0          0         92   aeabi_sdiv.o
        16          0          0          0          0         68   exit.o
         6          0          0          0          0        136   heapauxi.o
         0          0          0          0          0          0   indicate_semi.o
         2          0          0          0          0          0   libinit.o
         2          0          0          0          0          0   libinit2.o
         2          0          0          0          0          0   libshutdown.o
         2          0          0          0          0          0   libshutdown2.o
         8          4          0          0         96         68   libspace.o
       258          0          0          0          0         88   lludiv.o
        34          0          0          0          0         68   llushr.o
         8          4          0          0          0         68   rt_errno_addr_intlibspace.o
        64          0          0          0          0        108   rt_memclr.o
       186          0          0          0          0        144   rt_memcpy.o
         2          0          0          0          0          0   rtexit.o
        10          0          0          0          0          0   rtexit2.o
        12          4          0          0          0         60   sys_exit.o
        62          0          0          0          0         80   sys_stackheap_outer.o
         2          0          0          0          0         68   use_no_semi.o
       124          4          0          0          0         72   d2f.o
       856         20          0          0          0        208   daddsub.o
      1096         26        128          0          0        112   ddiv.o
        72          4          0          0          0         68   dfixui.o
        88          0          0          0          0         92   dflti.o
       584         26          0          0          0         84   dmul.o
        96         12          0          0          0         72   dscalbn.o
       256          8          0          0          0         76   dsqrt.o
        84          4          0          0          0         60   f2d.o
       372          8          0          0          0        240   faddsub.o
       352         10         64          0          0         92   fdiv.o
        48          0          0          0          0         60   ffixui.o
        94          0          0          0          0         92   fflti.o
       176          4          0          0          0         80   fmul.o
         0          0          0          0          0          0   usenofp.o
        72          6          0          0          0         76   sqrt.o

    ----------------------------------------------------------------------
      5564        152        193          0         96       2692   Library Totals
        10          0          1          0          0          0   (incl. Padding)

    ----------------------------------------------------------------------

      Code (inc. data)   RO Data    RW Data    ZI Data      Debug   Library Name

      1184         20          0          0         96       1208   c_p.l
      4298        126        192          0          0       1408   fz_ps.l
        72          6          0          0          0         76   m_ps.l

    ----------------------------------------------------------------------
      5564        152        193          0         96       2692   Library Totals

    ----------------------------------------------------------------------

==============================================================================


      Code (inc. data)   RO Data    RW Data    ZI Data      Debug   

     27184       1372       1648         60       5644     709316   Grand Totals
     27184       1372       1648         60       5644     709316   ELF Image Totals
     27184       1372       1648         60          0          0   ROM Totals

==============================================================================

    Total RO  Size (Code + RO Data)                28832 (  28.16kB)
    Total RW  Size (RW Data + ZI Data)              5704 (   5.57kB)
    Total ROM Size (Code + RO Data + RW Data)      28892 (  28.21kB)

==============================================================================

